127.0.0.1 - - [12/Nov/2018:15:19:04 +0000] "GET /help HTTP/1.1" 200 37694 "" "curl/7.59.0"
172.18.0.1 - - [12/Nov/2018:15:19:17 +0000] "GET / HTTP/1.1" 302 96 "" "Mozilla/5.0 (Macintosh; Intel Mac OS X 10_12_6) AppleWebKit/605.1.15 (KHTML, like Gecko) Version/12.0.1 Safari/605.1.15"
172.18.0.1 - - [12/Nov/2018:15:19:18 +0000] "GET /users/sign_in HTTP/1.1" 302 144 "" "Mozilla/5.0 (Macintosh; Intel Mac OS X 10_12_6) AppleWebKit/605.1.15 (KHTML, like Gecko) Version/12.0.1 Safari/605.1.15"
172.18.0.1 - - [12/Nov/2018:15:19:19 +0000] "GET /users/password/edit?reset_password_token=Q2aUv_37XRYmHdrykmr6 HTTP/1.1" 200 3478 "" "Mozilla/5.0 (Macintosh; Intel Mac OS X 10_12_6) AppleWebKit/605.1.15 (KHTML, like Gecko) Version/12.0.1 Safari/605.1.15"
172.18.0.1 - - [12/Nov/2018:15:19:19 +0000] "GET /assets/webpack/default.ba13ac8f.chunk.js HTTP/1.1" 200 157 "http://localhost/users/password/edit" "Mozilla/5.0 (Macintosh; Intel Mac OS X 10_12_6) AppleWebKit/605.1.15 (KHTML, like Gecko) Version/12.0.1 Safari/605.1.15"
172.18.0.1 - - [12/Nov/2018:15:19:29 +0000] "POST /users/password HTTP/1.1" 302 96 "http://localhost/users/password/edit" "Mozilla/5.0 (Macintosh; Intel Mac OS X 10_12_6) AppleWebKit/605.1.15 (KHTML, like Gecko) Version/12.0.1 Safari/605.1.15"
172.18.0.1 - - [12/Nov/2018:15:19:30 +0000] "GET /users/sign_in HTTP/1.1" 200 4225 "http://localhost/users/password/edit" "Mozilla/5.0 (Macintosh; Intel Mac OS X 10_12_6) AppleWebKit/605.1.15 (KHTML, like Gecko) Version/12.0.1 Safari/605.1.15"
172.18.0.1 - - [12/Nov/2018:15:19:30 +0000] "GET /assets/webpack/commons~pages.ldap.omniauth_callbacks~pages.omniauth_callbacks~pages.sessions~pages.sessions.new.f426f7b9.chunk.js HTTP/1.1" 200 3635 "http://localhost/users/sign_in" "Mozilla/5.0 (Macintosh; Intel Mac OS X 10_12_6) AppleWebKit/605.1.15 (KHTML, like Gecko) Version/12.0.1 Safari/605.1.15"
172.18.0.1 - - [12/Nov/2018:15:19:30 +0000] "GET /assets/webpack/pages.sessions.new.901760b7.chunk.js HTTP/1.1" 200 1754 "http://localhost/users/sign_in" "Mozilla/5.0 (Macintosh; Intel Mac OS X 10_12_6) AppleWebKit/605.1.15 (KHTML, like Gecko) Version/12.0.1 Safari/605.1.15"
172.18.0.1 - - [12/Nov/2018:15:19:37 +0000] "POST /users/sign_in HTTP/1.1" 302 83 "http://localhost/users/sign_in" "Mozilla/5.0 (Macintosh; Intel Mac OS X 10_12_6) AppleWebKit/605.1.15 (KHTML, like Gecko) Version/12.0.1 Safari/605.1.15"
172.18.0.1 - - [12/Nov/2018:15:19:39 +0000] "GET / HTTP/1.1" 200 8067 "http://localhost/users/sign_in" "Mozilla/5.0 (Macintosh; Intel Mac OS X 10_12_6) AppleWebKit/605.1.15 (KHTML, like Gecko) Version/12.0.1 Safari/605.1.15"
172.18.0.1 - - [12/Nov/2018:15:20:00 +0000] "GET /root/my-awesome-web-app HTTP/1.1" 404 6496 "http://localhost/" "Mozilla/5.0 (Macintosh; Intel Mac OS X 10_12_6) AppleWebKit/605.1.15 (KHTML, like Gecko) Version/12.0.1 Safari/605.1.15"
172.18.0.1 - - [12/Nov/2018:15:20:00 +0000] "GET /assets/illustrations/error-404-039d7e84bde2e9d55acc7d6fc759b856983f925e8d52181c55cf22d2435cb8b3.svg HTTP/1.1" 200 3835 "http://localhost/root/my-awesome-web-app" "Mozilla/5.0 (Macintosh; Intel Mac OS X 10_12_6) AppleWebKit/605.1.15 (KHTML, like Gecko) Version/12.0.1 Safari/605.1.15"
172.18.0.1 - - [12/Nov/2018:15:20:00 +0000] "GET /root/my-awesome-web-app/blob/master/README.md?format=json&viewer=rich HTTP/1.1" 404 3108 "http://localhost/root/my-awesome-web-app" "Mozilla/5.0 (Macintosh; Intel Mac OS X 10_12_6) AppleWebKit/605.1.15 (KHTML, like Gecko) Version/12.0.1 Safari/605.1.15"
172.18.0.1 - - [12/Nov/2018:15:20:00 +0000] "GET /root/my-awesome-web-app/refs/master/logs_tree/?format=js HTTP/1.1" 404 3108 "http://localhost/root/my-awesome-web-app" "Mozilla/5.0 (Macintosh; Intel Mac OS X 10_12_6) AppleWebKit/605.1.15 (KHTML, like Gecko) Version/12.0.1 Safari/605.1.15"
172.18.0.1 - - [12/Nov/2018:15:20:00 +0000] "GET /root/my-awesome-web-app/commits/master/signatures HTTP/1.1" 404 6496 "http://localhost/root/my-awesome-web-app" "Mozilla/5.0 (Macintosh; Intel Mac OS X 10_12_6) AppleWebKit/605.1.15 (KHTML, like Gecko) Version/12.0.1 Safari/605.1.15"
172.18.0.1 - - [12/Nov/2018:15:20:04 +0000] "GET / HTTP/1.1" 200 8074 "http://localhost/users/sign_in" "Mozilla/5.0 (Macintosh; Intel Mac OS X 10_12_6) AppleWebKit/605.1.15 (KHTML, like Gecko) Version/12.0.1 Safari/605.1.15"
127.0.0.1 - - [12/Nov/2018:15:20:05 +0000] "GET /help HTTP/1.1" 200 37693 "" "curl/7.59.0"
172.18.0.1 - - [12/Nov/2018:15:20:08 +0000] "GET / HTTP/1.1" 200 8069 "http://localhost/users/sign_in" "Mozilla/5.0 (Macintosh; Intel Mac OS X 10_12_6) AppleWebKit/605.1.15 (KHTML, like Gecko) Version/12.0.1 Safari/605.1.15"
172.18.0.1 - - [12/Nov/2018:15:20:10 +0000] "GET /dashboard/projects HTTP/1.1" 200 8090 "http://localhost/" "Mozilla/5.0 (Macintosh; Intel Mac OS X 10_12_6) AppleWebKit/605.1.15 (KHTML, like Gecko) Version/12.0.1 Safari/605.1.15"
172.18.0.1 - - [12/Nov/2018:15:20:18 +0000] "GET /admin HTTP/1.1" 200 7999 "http://localhost/dashboard/projects" "Mozilla/5.0 (Macintosh; Intel Mac OS X 10_12_6) AppleWebKit/605.1.15 (KHTML, like Gecko) Version/12.0.1 Safari/605.1.15"
172.18.0.1 - - [12/Nov/2018:15:20:25 +0000] "GET /admin/runners HTTP/1.1" 200 9325 "http://localhost/admin" "Mozilla/5.0 (Macintosh; Intel Mac OS X 10_12_6) AppleWebKit/605.1.15 (KHTML, like Gecko) Version/12.0.1 Safari/605.1.15"
172.18.0.1 - - [12/Nov/2018:15:20:37 +0000] "GET /root/my-awesome-web-app HTTP/1.1" 404 6496 "http://localhost/admin/runners" "Mozilla/5.0 (Macintosh; Intel Mac OS X 10_12_6) AppleWebKit/605.1.15 (KHTML, like Gecko) Version/12.0.1 Safari/605.1.15"
172.18.0.1 - - [12/Nov/2018:15:20:39 +0000] "GET /admin/runners HTTP/1.1" 200 9322 "http://localhost/admin" "Mozilla/5.0 (Macintosh; Intel Mac OS X 10_12_6) AppleWebKit/605.1.15 (KHTML, like Gecko) Version/12.0.1 Safari/605.1.15"
172.18.0.1 - - [12/Nov/2018:15:20:44 +0000] "GET /dashboard/activity HTTP/1.1" 200 6176 "http://localhost/admin/runners" "Mozilla/5.0 (Macintosh; Intel Mac OS X 10_12_6) AppleWebKit/605.1.15 (KHTML, like Gecko) Version/12.0.1 Safari/605.1.15"
172.18.0.1 - - [12/Nov/2018:15:20:44 +0000] "GET /assets/webpack/pages.dashboard.activity.1b9fff87.chunk.js HTTP/1.1" 200 1279 "http://localhost/dashboard/activity" "Mozilla/5.0 (Macintosh; Intel Mac OS X 10_12_6) AppleWebKit/605.1.15 (KHTML, like Gecko) Version/12.0.1 Safari/605.1.15"
172.18.0.1 - - [12/Nov/2018:15:20:45 +0000] "GET /dashboard/activity?limit=20&offset=0 HTTP/1.1" 200 23 "http://localhost/dashboard/activity" "Mozilla/5.0 (Macintosh; Intel Mac OS X 10_12_6) AppleWebKit/605.1.15 (KHTML, like Gecko) Version/12.0.1 Safari/605.1.15"
172.18.0.1 - - [12/Nov/2018:15:20:48 +0000] "GET /dashboard/projects HTTP/1.1" 200 8088 "http://localhost/dashboard/activity" "Mozilla/5.0 (Macintosh; Intel Mac OS X 10_12_6) AppleWebKit/605.1.15 (KHTML, like Gecko) Version/12.0.1 Safari/605.1.15"
172.18.0.1 - - [12/Nov/2018:15:20:52 +0000] "GET /projects/new HTTP/1.1" 200 13564 "http://localhost/dashboard/projects" "Mozilla/5.0 (Macintosh; Intel Mac OS X 10_12_6) AppleWebKit/605.1.15 (KHTML, like Gecko) Version/12.0.1 Safari/605.1.15"
172.18.0.1 - - [12/Nov/2018:15:20:52 +0000] "GET /assets/webpack/pages.projects.new.e66b9ff7.chunk.js HTTP/1.1" 200 1689 "http://localhost/projects/new" "Mozilla/5.0 (Macintosh; Intel Mac OS X 10_12_6) AppleWebKit/605.1.15 (KHTML, like Gecko) Version/12.0.1 Safari/605.1.15"
172.18.0.1 - - [12/Nov/2018:15:21:03 +0000] "GET /dashboard/merge_requests?assignee_id=1 HTTP/1.1" 200 7307 "http://localhost/projects/new" "Mozilla/5.0 (Macintosh; Intel Mac OS X 10_12_6) AppleWebKit/605.1.15 (KHTML, like Gecko) Version/12.0.1 Safari/605.1.15"
172.18.0.1 - - [12/Nov/2018:15:21:03 +0000] "GET /assets/webpack/commons~pages.admin.groups.show~pages.dashboard.issues~pages.dashboard.merge_requests~pages.dashboar~437d8000.b88d8a91.chunk.js HTTP/1.1" 200 4894 "http://localhost/dashboard/merge_requests" "Mozilla/5.0 (Macintosh; Intel Mac OS X 10_12_6) AppleWebKit/605.1.15 (KHTML, like Gecko) Version/12.0.1 Safari/605.1.15"
172.18.0.1 - - [12/Nov/2018:15:21:03 +0000] "GET /assets/webpack/commons~pages.dashboard.issues~pages.dashboard.merge_requests.c158c148.chunk.js HTTP/1.1" 200 7236 "http://localhost/dashboard/merge_requests" "Mozilla/5.0 (Macintosh; Intel Mac OS X 10_12_6) AppleWebKit/605.1.15 (KHTML, like Gecko) Version/12.0.1 Safari/605.1.15"
172.18.0.1 - - [12/Nov/2018:15:21:03 +0000] "GET /assets/webpack/pages.dashboard.merge_requests.8a4fac78.chunk.js HTTP/1.1" 200 272 "http://localhost/dashboard/merge_requests" "Mozilla/5.0 (Macintosh; Intel Mac OS X 10_12_6) AppleWebKit/605.1.15 (KHTML, like Gecko) Version/12.0.1 Safari/605.1.15"
172.18.0.1 - - [12/Nov/2018:15:21:03 +0000] "GET /assets/illustrations/merge_requests-2364bf335a10fafc7e6f200826d1e80c14f0359d5cb066909bd319d2d4e001ac.svg HTTP/1.1" 200 1252 "http://localhost/dashboard/merge_requests" "Mozilla/5.0 (Macintosh; Intel Mac OS X 10_12_6) AppleWebKit/605.1.15 (KHTML, like Gecko) Version/12.0.1 Safari/605.1.15"
127.0.0.1 - - [12/Nov/2018:15:21:05 +0000] "GET /help HTTP/1.1" 200 37694 "" "curl/7.59.0"
172.18.0.1 - - [12/Nov/2018:15:21:07 +0000] "GET /projects/new HTTP/1.1" 200 13570 "http://localhost/dashboard/projects" "Mozilla/5.0 (Macintosh; Intel Mac OS X 10_12_6) AppleWebKit/605.1.15 (KHTML, like Gecko) Version/12.0.1 Safari/605.1.15"
172.18.0.1 - - [12/Nov/2018:15:21:58 +0000] "POST /projects HTTP/1.1" 302 106 "http://localhost/projects/new" "Mozilla/5.0 (Macintosh; Intel Mac OS X 10_12_6) AppleWebKit/605.1.15 (KHTML, like Gecko) Version/12.0.1 Safari/605.1.15"
172.18.0.1 - - [12/Nov/2018:15:22:02 +0000] "GET /root/my-awesome-web-app HTTP/1.1" 200 12455 "http://localhost/projects/new" "Mozilla/5.0 (Macintosh; Intel Mac OS X 10_12_6) AppleWebKit/605.1.15 (KHTML, like Gecko) Version/12.0.1 Safari/605.1.15"
127.0.0.1 - - [12/Nov/2018:15:22:06 +0000] "GET /help HTTP/1.1" 200 37693 "" "curl/7.59.0"
172.18.0.1 - - [12/Nov/2018:15:22:15 +0000] "GET /profile/keys HTTP/1.1" 200 7682 "" "Mozilla/5.0 (Macintosh; Intel Mac OS X 10_12_6) AppleWebKit/605.1.15 (KHTML, like Gecko) Version/12.0.1 Safari/605.1.15"
172.18.0.1 - - [12/Nov/2018:15:22:15 +0000] "GET /assets/webpack/commons~pages.profiles~pages.profiles.accounts.show~pages.profiles.index~pages.profiles.keys~pages.p~f2a26ee8.218f8a1a.chunk.js HTTP/1.1" 200 11160 "http://localhost/profile/keys" "Mozilla/5.0 (Macintosh; Intel Mac OS X 10_12_6) AppleWebKit/605.1.15 (KHTML, like Gecko) Version/12.0.1 Safari/605.1.15"
172.18.0.1 - - [12/Nov/2018:15:22:15 +0000] "GET /assets/webpack/pages.profiles.keys.5d4a9bde.chunk.js HTTP/1.1" 200 800 "http://localhost/profile/keys" "Mozilla/5.0 (Macintosh; Intel Mac OS X 10_12_6) AppleWebKit/605.1.15 (KHTML, like Gecko) Version/12.0.1 Safari/605.1.15"
172.18.0.1 - - [12/Nov/2018:15:22:53 +0000] "POST /profile/keys HTTP/1.1" 302 97 "http://localhost/profile/keys" "Mozilla/5.0 (Macintosh; Intel Mac OS X 10_12_6) AppleWebKit/605.1.15 (KHTML, like Gecko) Version/12.0.1 Safari/605.1.15"
172.18.0.1 - - [12/Nov/2018:15:22:53 +0000] "GET /profile/keys/1 HTTP/1.1" 200 7387 "http://localhost/profile/keys" "Mozilla/5.0 (Macintosh; Intel Mac OS X 10_12_6) AppleWebKit/605.1.15 (KHTML, like Gecko) Version/12.0.1 Safari/605.1.15"
127.0.0.1 - - [12/Nov/2018:15:23:08 +0000] "GET /help HTTP/1.1" 200 37694 "" "curl/7.59.0"
172.18.0.1 - - [12/Nov/2018:15:23:13 +0000] "GET /root/my-awesome-web-app.git/info/refs?service=git-receive-pack HTTP/1.1" 401 26 "" "git/2.11.0 (Apple Git-81)"
172.18.0.1 - - [12/Nov/2018:15:23:56 +0000] "GET /root/my-awesome-web-app.git/info/refs?service=git-receive-pack HTTP/1.1" 401 26 "" "git/2.11.0 (Apple Git-81)"
172.18.0.1 - - [12/Nov/2018:15:24:03 +0000] "GET /root/my-awesome-web-app.git/info/refs?service=git-receive-pack HTTP/1.1" 401 26 "" "git/2.11.0 (Apple Git-81)"
127.0.0.1 - - [12/Nov/2018:15:24:08 +0000] "GET /help HTTP/1.1" 200 37694 "" "curl/7.59.0"
172.18.0.1 - - [12/Nov/2018:15:24:09 +0000] "GET /root/my-awesome-web-app.git/info/refs?service=git-receive-pack HTTP/1.1" 401 26 "" "git/2.11.0 (Apple Git-81)"
172.18.0.1 - root [12/Nov/2018:15:24:09 +0000] "GET /root/my-awesome-web-app.git/info/refs?service=git-receive-pack HTTP/1.1" 200 193 "" "git/2.11.0 (Apple Git-81)"
172.18.0.1 - root [12/Nov/2018:15:24:15 +0000] "POST /root/my-awesome-web-app.git/git-receive-pack HTTP/1.1" 200 52 "" "git/2.11.0 (Apple Git-81)"
172.18.0.1 - - [12/Nov/2018:15:24:40 +0000] "GET /root/my-awesome-web-app HTTP/1.1" 200 15474 "http://localhost/projects/new" "Mozilla/5.0 (Macintosh; Intel Mac OS X 10_12_6) AppleWebKit/605.1.15 (KHTML, like Gecko) Version/12.0.1 Safari/605.1.15"
172.18.0.1 - - [12/Nov/2018:15:24:44 +0000] "GET /root/my-awesome-web-app/commits/master/signatures HTTP/1.1" 200 17 "http://localhost/root/my-awesome-web-app" "Mozilla/5.0 (Macintosh; Intel Mac OS X 10_12_6) AppleWebKit/605.1.15 (KHTML, like Gecko) Version/12.0.1 Safari/605.1.15"
172.18.0.1 - - [12/Nov/2018:15:24:44 +0000] "GET /root/my-awesome-web-app/blob/master/README.md?format=json&viewer=rich HTTP/1.1" 200 2660 "http://localhost/root/my-awesome-web-app" "Mozilla/5.0 (Macintosh; Intel Mac OS X 10_12_6) AppleWebKit/605.1.15 (KHTML, like Gecko) Version/12.0.1 Safari/605.1.15"
172.18.0.1 - - [12/Nov/2018:15:24:45 +0000] "GET /root/my-awesome-web-app/refs/master/logs_tree/?format=js HTTP/1.1" 200 564 "http://localhost/root/my-awesome-web-app" "Mozilla/5.0 (Macintosh; Intel Mac OS X 10_12_6) AppleWebKit/605.1.15 (KHTML, like Gecko) Version/12.0.1 Safari/605.1.15"
127.0.0.1 - - [12/Nov/2018:15:25:09 +0000] "GET /help HTTP/1.1" 200 37694 "" "curl/7.59.0"
172.18.0.3 - - [12/Nov/2018:15:25:33 +0000] "POST /api/v4/runners HTTP/1.1" 403 27 "" "gitlab-runner 11.4.2 (11-4-stable; go1.8.7; linux/amd64)"
172.18.0.1 - - [12/Nov/2018:15:25:55 +0000] "GET /root/my-awesome-web-app HTTP/1.1" 200 15700 "http://localhost/root/my-awesome-web-app" "Mozilla/5.0 (Macintosh; Intel Mac OS X 10_12_6) AppleWebKit/605.1.15 (KHTML, like Gecko) Version/12.0.1 Safari/605.1.15"
172.18.0.1 - - [12/Nov/2018:15:25:57 +0000] "GET /root/my-awesome-web-app/commits/master/signatures HTTP/1.1" 200 17 "http://localhost/root/my-awesome-web-app" "Mozilla/5.0 (Macintosh; Intel Mac OS X 10_12_6) AppleWebKit/605.1.15 (KHTML, like Gecko) Version/12.0.1 Safari/605.1.15"
172.18.0.1 - - [12/Nov/2018:15:25:57 +0000] "GET /root/my-awesome-web-app/blob/master/README.md?format=json&viewer=rich HTTP/1.1" 200 2660 "http://localhost/root/my-awesome-web-app" "Mozilla/5.0 (Macintosh; Intel Mac OS X 10_12_6) AppleWebKit/605.1.15 (KHTML, like Gecko) Version/12.0.1 Safari/605.1.15"
172.18.0.1 - - [12/Nov/2018:15:25:58 +0000] "GET /root/my-awesome-web-app/refs/master/logs_tree/?format=js HTTP/1.1" 499 0 "http://localhost/root/my-awesome-web-app" "Mozilla/5.0 (Macintosh; Intel Mac OS X 10_12_6) AppleWebKit/605.1.15 (KHTML, like Gecko) Version/12.0.1 Safari/605.1.15"
172.18.0.1 - - [12/Nov/2018:15:25:59 +0000] "GET /admin HTTP/1.1" 200 8077 "http://localhost/root/my-awesome-web-app" "Mozilla/5.0 (Macintosh; Intel Mac OS X 10_12_6) AppleWebKit/605.1.15 (KHTML, like Gecko) Version/12.0.1 Safari/605.1.15"
172.18.0.1 - - [12/Nov/2018:15:26:01 +0000] "GET /admin/runners HTTP/1.1" 200 9321 "http://localhost/admin" "Mozilla/5.0 (Macintosh; Intel Mac OS X 10_12_6) AppleWebKit/605.1.15 (KHTML, like Gecko) Version/12.0.1 Safari/605.1.15"
127.0.0.1 - - [12/Nov/2018:15:26:09 +0000] "GET /help HTTP/1.1" 200 37694 "" "curl/7.59.0"
172.18.0.3 - - [12/Nov/2018:15:26:27 +0000] "POST /api/v4/runners HTTP/1.1" 201 49 "" "gitlab-runner 11.4.2 (11-4-stable; go1.8.7; linux/amd64)"
172.18.0.3 - - [12/Nov/2018:15:26:35 +0000] "POST /api/v4/jobs/request HTTP/1.1" 201 4421 "" "gitlab-runner 11.4.2 (11-4-stable; go1.8.7; linux/amd64)"
172.18.0.4 - - [12/Nov/2018:15:26:37 +0000] "POST /api/v4/runners HTTP/1.1" 201 49 "" "gitlab-runner 11.4.2 (11-4-stable; go1.8.7; linux/amd64)"
172.18.0.3 - - [12/Nov/2018:15:26:39 +0000] "PATCH /api/v4/jobs/1/trace HTTP/1.1" 202 7 "" "gitlab-runner 11.4.2 (11-4-stable; go1.8.7; linux/amd64)"
172.18.0.3 - - [12/Nov/2018:15:26:42 +0000] "PATCH /api/v4/jobs/1/trace HTTP/1.1" 202 7 "" "gitlab-runner 11.4.2 (11-4-stable; go1.8.7; linux/amd64)"
172.18.0.4 - - [12/Nov/2018:15:26:44 +0000] "POST /api/v4/jobs/request HTTP/1.1" 201 4414 "" "gitlab-runner 11.4.2 (11-4-stable; go1.8.7; linux/amd64)"
172.18.0.3 - - [12/Nov/2018:15:26:45 +0000] "PATCH /api/v4/jobs/1/trace HTTP/1.1" 202 7 "" "gitlab-runner 11.4.2 (11-4-stable; go1.8.7; linux/amd64)"
172.18.0.4 - - [12/Nov/2018:15:26:47 +0000] "PATCH /api/v4/jobs/2/trace HTTP/1.1" 202 7 "" "gitlab-runner 11.4.2 (11-4-stable; go1.8.7; linux/amd64)"
172.18.0.3 - - [12/Nov/2018:15:26:49 +0000] "PATCH /api/v4/jobs/1/trace HTTP/1.1" 202 7 "" "gitlab-runner 11.4.2 (11-4-stable; go1.8.7; linux/amd64)"
172.18.0.3 - - [12/Nov/2018:15:26:49 +0000] "PATCH /api/v4/jobs/1/trace HTTP/1.1" 202 8 "" "gitlab-runner 11.4.2 (11-4-stable; go1.8.7; linux/amd64)"
172.18.0.3 - - [12/Nov/2018:15:26:49 +0000] "PUT /api/v4/jobs/1 HTTP/1.1" 200 4 "" "gitlab-runner 11.4.2 (11-4-stable; go1.8.7; linux/amd64)"
172.18.0.3 - - [12/Nov/2018:15:26:50 +0000] "POST /api/v4/jobs/request HTTP/1.1" 204 0 "" "gitlab-runner 11.4.2 (11-4-stable; go1.8.7; linux/amd64)"
172.18.0.4 - - [12/Nov/2018:15:26:51 +0000] "PATCH /api/v4/jobs/2/trace HTTP/1.1" 202 7 "" "gitlab-runner 11.4.2 (11-4-stable; go1.8.7; linux/amd64)"
172.18.0.3 - - [12/Nov/2018:15:26:53 +0000] "POST /api/v4/jobs/request HTTP/1.1" 204 0 "" "gitlab-runner 11.4.2 (11-4-stable; go1.8.7; linux/amd64)"
172.18.0.4 - - [12/Nov/2018:15:26:54 +0000] "PATCH /api/v4/jobs/2/trace HTTP/1.1" 202 7 "" "gitlab-runner 11.4.2 (11-4-stable; go1.8.7; linux/amd64)"
172.18.0.3 - - [12/Nov/2018:15:26:56 +0000] "POST /api/v4/jobs/request HTTP/1.1" 204 0 "" "gitlab-runner 11.4.2 (11-4-stable; go1.8.7; linux/amd64)"
172.18.0.4 - - [12/Nov/2018:15:26:57 +0000] "PATCH /api/v4/jobs/2/trace HTTP/1.1" 202 7 "" "gitlab-runner 11.4.2 (11-4-stable; go1.8.7; linux/amd64)"
172.18.0.4 - - [12/Nov/2018:15:26:57 +0000] "PATCH /api/v4/jobs/2/trace HTTP/1.1" 202 8 "" "gitlab-runner 11.4.2 (11-4-stable; go1.8.7; linux/amd64)"
172.18.0.4 - - [12/Nov/2018:15:26:57 +0000] "PUT /api/v4/jobs/2 HTTP/1.1" 200 4 "" "gitlab-runner 11.4.2 (11-4-stable; go1.8.7; linux/amd64)"
172.18.0.4 - - [12/Nov/2018:15:26:58 +0000] "POST /api/v4/jobs/request HTTP/1.1" 204 0 "" "gitlab-runner 11.4.2 (11-4-stable; go1.8.7; linux/amd64)"
172.18.0.3 - - [12/Nov/2018:15:26:58 +0000] "POST /api/v4/jobs/request HTTP/1.1" 204 0 "" "gitlab-runner 11.4.2 (11-4-stable; go1.8.7; linux/amd64)"
172.18.0.4 - - [12/Nov/2018:15:27:01 +0000] "POST /api/v4/jobs/request HTTP/1.1" 204 0 "" "gitlab-runner 11.4.2 (11-4-stable; go1.8.7; linux/amd64)"
172.18.0.3 - - [12/Nov/2018:15:27:01 +0000] "POST /api/v4/jobs/request HTTP/1.1" 204 0 "" "gitlab-runner 11.4.2 (11-4-stable; go1.8.7; linux/amd64)"
172.18.0.4 - - [12/Nov/2018:15:27:04 +0000] "POST /api/v4/jobs/request HTTP/1.1" 204 0 "" "gitlab-runner 11.4.2 (11-4-stable; go1.8.7; linux/amd64)"
172.18.0.3 - - [12/Nov/2018:15:27:04 +0000] "POST /api/v4/jobs/request HTTP/1.1" 204 0 "" "gitlab-runner 11.4.2 (11-4-stable; go1.8.7; linux/amd64)"
172.18.0.4 - - [12/Nov/2018:15:27:07 +0000] "POST /api/v4/jobs/request HTTP/1.1" 204 0 "" "gitlab-runner 11.4.2 (11-4-stable; go1.8.7; linux/amd64)"
172.18.0.3 - - [12/Nov/2018:15:27:07 +0000] "POST /api/v4/jobs/request HTTP/1.1" 204 0 "" "gitlab-runner 11.4.2 (11-4-stable; go1.8.7; linux/amd64)"
127.0.0.1 - - [12/Nov/2018:15:27:09 +0000] "GET /help HTTP/1.1" 200 37694 "" "curl/7.59.0"
172.18.0.4 - - [12/Nov/2018:15:27:10 +0000] "POST /api/v4/jobs/request HTTP/1.1" 204 0 "" "gitlab-runner 11.4.2 (11-4-stable; go1.8.7; linux/amd64)"
172.18.0.3 - - [12/Nov/2018:15:27:10 +0000] "POST /api/v4/jobs/request HTTP/1.1" 204 0 "" "gitlab-runner 11.4.2 (11-4-stable; go1.8.7; linux/amd64)"
172.18.0.4 - - [12/Nov/2018:15:27:13 +0000] "POST /api/v4/jobs/request HTTP/1.1" 204 0 "" "gitlab-runner 11.4.2 (11-4-stable; go1.8.7; linux/amd64)"
172.18.0.3 - - [12/Nov/2018:15:27:13 +0000] "POST /api/v4/jobs/request HTTP/1.1" 204 0 "" "gitlab-runner 11.4.2 (11-4-stable; go1.8.7; linux/amd64)"
172.18.0.4 - - [12/Nov/2018:15:27:16 +0000] "POST /api/v4/jobs/request HTTP/1.1" 204 0 "" "gitlab-runner 11.4.2 (11-4-stable; go1.8.7; linux/amd64)"
172.18.0.3 - - [12/Nov/2018:15:27:16 +0000] "POST /api/v4/jobs/request HTTP/1.1" 204 0 "" "gitlab-runner 11.4.2 (11-4-stable; go1.8.7; linux/amd64)"
172.18.0.4 - - [12/Nov/2018:15:27:19 +0000] "POST /api/v4/jobs/request HTTP/1.1" 204 0 "" "gitlab-runner 11.4.2 (11-4-stable; go1.8.7; linux/amd64)"
172.18.0.3 - - [12/Nov/2018:15:27:19 +0000] "POST /api/v4/jobs/request HTTP/1.1" 204 0 "" "gitlab-runner 11.4.2 (11-4-stable; go1.8.7; linux/amd64)"
172.18.0.4 - - [12/Nov/2018:15:27:22 +0000] "POST /api/v4/jobs/request HTTP/1.1" 204 0 "" "gitlab-runner 11.4.2 (11-4-stable; go1.8.7; linux/amd64)"
172.18.0.3 - - [12/Nov/2018:15:27:22 +0000] "POST /api/v4/jobs/request HTTP/1.1" 204 0 "" "gitlab-runner 11.4.2 (11-4-stable; go1.8.7; linux/amd64)"
172.18.0.4 - - [12/Nov/2018:15:27:25 +0000] "POST /api/v4/jobs/request HTTP/1.1" 204 0 "" "gitlab-runner 11.4.2 (11-4-stable; go1.8.7; linux/amd64)"
172.18.0.3 - - [12/Nov/2018:15:27:25 +0000] "POST /api/v4/jobs/request HTTP/1.1" 204 0 "" "gitlab-runner 11.4.2 (11-4-stable; go1.8.7; linux/amd64)"
172.18.0.4 - - [12/Nov/2018:15:27:27 +0000] "POST /api/v4/jobs/request HTTP/1.1" 204 0 "" "gitlab-runner 11.4.2 (11-4-stable; go1.8.7; linux/amd64)"
172.18.0.3 - - [12/Nov/2018:15:27:28 +0000] "POST /api/v4/jobs/request HTTP/1.1" 204 0 "" "gitlab-runner 11.4.2 (11-4-stable; go1.8.7; linux/amd64)"
172.18.0.4 - - [12/Nov/2018:15:27:30 +0000] "POST /api/v4/jobs/request HTTP/1.1" 204 0 "" "gitlab-runner 11.4.2 (11-4-stable; go1.8.7; linux/amd64)"
172.18.0.3 - - [12/Nov/2018:15:27:31 +0000] "POST /api/v4/jobs/request HTTP/1.1" 204 0 "" "gitlab-runner 11.4.2 (11-4-stable; go1.8.7; linux/amd64)"
172.18.0.4 - - [12/Nov/2018:15:27:33 +0000] "POST /api/v4/jobs/request HTTP/1.1" 204 0 "" "gitlab-runner 11.4.2 (11-4-stable; go1.8.7; linux/amd64)"
172.18.0.3 - - [12/Nov/2018:15:27:34 +0000] "POST /api/v4/jobs/request HTTP/1.1" 204 0 "" "gitlab-runner 11.4.2 (11-4-stable; go1.8.7; linux/amd64)"
172.18.0.4 - - [12/Nov/2018:15:27:36 +0000] "POST /api/v4/jobs/request HTTP/1.1" 204 0 "" "gitlab-runner 11.4.2 (11-4-stable; go1.8.7; linux/amd64)"
172.18.0.3 - - [12/Nov/2018:15:27:37 +0000] "POST /api/v4/jobs/request HTTP/1.1" 204 0 "" "gitlab-runner 11.4.2 (11-4-stable; go1.8.7; linux/amd64)"
172.18.0.4 - - [12/Nov/2018:15:27:39 +0000] "POST /api/v4/jobs/request HTTP/1.1" 204 0 "" "gitlab-runner 11.4.2 (11-4-stable; go1.8.7; linux/amd64)"
172.18.0.3 - - [12/Nov/2018:15:27:40 +0000] "POST /api/v4/jobs/request HTTP/1.1" 204 0 "" "gitlab-runner 11.4.2 (11-4-stable; go1.8.7; linux/amd64)"
172.18.0.4 - - [12/Nov/2018:15:27:42 +0000] "POST /api/v4/jobs/request HTTP/1.1" 204 0 "" "gitlab-runner 11.4.2 (11-4-stable; go1.8.7; linux/amd64)"
172.18.0.3 - - [12/Nov/2018:15:27:43 +0000] "POST /api/v4/jobs/request HTTP/1.1" 204 0 "" "gitlab-runner 11.4.2 (11-4-stable; go1.8.7; linux/amd64)"
172.18.0.4 - - [12/Nov/2018:15:27:45 +0000] "POST /api/v4/jobs/request HTTP/1.1" 204 0 "" "gitlab-runner 11.4.2 (11-4-stable; go1.8.7; linux/amd64)"
172.18.0.3 - - [12/Nov/2018:15:27:46 +0000] "POST /api/v4/jobs/request HTTP/1.1" 204 0 "" "gitlab-runner 11.4.2 (11-4-stable; go1.8.7; linux/amd64)"
172.18.0.4 - - [12/Nov/2018:15:27:48 +0000] "POST /api/v4/jobs/request HTTP/1.1" 204 0 "" "gitlab-runner 11.4.2 (11-4-stable; go1.8.7; linux/amd64)"
172.18.0.3 - - [12/Nov/2018:15:27:49 +0000] "POST /api/v4/jobs/request HTTP/1.1" 204 0 "" "gitlab-runner 11.4.2 (11-4-stable; go1.8.7; linux/amd64)"
172.18.0.4 - - [12/Nov/2018:15:27:51 +0000] "POST /api/v4/jobs/request HTTP/1.1" 204 0 "" "gitlab-runner 11.4.2 (11-4-stable; go1.8.7; linux/amd64)"
172.18.0.3 - - [12/Nov/2018:15:27:52 +0000] "POST /api/v4/jobs/request HTTP/1.1" 204 0 "" "gitlab-runner 11.4.2 (11-4-stable; go1.8.7; linux/amd64)"
172.18.0.4 - - [12/Nov/2018:15:27:54 +0000] "POST /api/v4/jobs/request HTTP/1.1" 204 0 "" "gitlab-runner 11.4.2 (11-4-stable; go1.8.7; linux/amd64)"
172.18.0.3 - - [12/Nov/2018:15:27:55 +0000] "POST /api/v4/jobs/request HTTP/1.1" 204 0 "" "gitlab-runner 11.4.2 (11-4-stable; go1.8.7; linux/amd64)"
172.18.0.4 - - [12/Nov/2018:15:27:57 +0000] "POST /api/v4/jobs/request HTTP/1.1" 204 0 "" "gitlab-runner 11.4.2 (11-4-stable; go1.8.7; linux/amd64)"
172.18.0.3 - - [12/Nov/2018:15:27:58 +0000] "POST /api/v4/jobs/request HTTP/1.1" 204 0 "" "gitlab-runner 11.4.2 (11-4-stable; go1.8.7; linux/amd64)"
172.18.0.4 - - [12/Nov/2018:15:28:00 +0000] "POST /api/v4/jobs/request HTTP/1.1" 204 0 "" "gitlab-runner 11.4.2 (11-4-stable; go1.8.7; linux/amd64)"
172.18.0.3 - - [12/Nov/2018:15:28:01 +0000] "POST /api/v4/jobs/request HTTP/1.1" 204 0 "" "gitlab-runner 11.4.2 (11-4-stable; go1.8.7; linux/amd64)"
172.18.0.4 - - [12/Nov/2018:15:28:03 +0000] "POST /api/v4/jobs/request HTTP/1.1" 204 0 "" "gitlab-runner 11.4.2 (11-4-stable; go1.8.7; linux/amd64)"
172.18.0.3 - - [12/Nov/2018:15:28:04 +0000] "POST /api/v4/jobs/request HTTP/1.1" 204 0 "" "gitlab-runner 11.4.2 (11-4-stable; go1.8.7; linux/amd64)"
172.18.0.4 - - [12/Nov/2018:15:28:06 +0000] "POST /api/v4/jobs/request HTTP/1.1" 204 0 "" "gitlab-runner 11.4.2 (11-4-stable; go1.8.7; linux/amd64)"
172.18.0.3 - - [12/Nov/2018:15:28:07 +0000] "POST /api/v4/jobs/request HTTP/1.1" 204 0 "" "gitlab-runner 11.4.2 (11-4-stable; go1.8.7; linux/amd64)"
127.0.0.1 - - [12/Nov/2018:15:28:09 +0000] "GET /help HTTP/1.1" 200 37693 "" "curl/7.59.0"
172.18.0.4 - - [12/Nov/2018:15:28:09 +0000] "POST /api/v4/jobs/request HTTP/1.1" 204 0 "" "gitlab-runner 11.4.2 (11-4-stable; go1.8.7; linux/amd64)"
172.18.0.3 - - [12/Nov/2018:15:28:10 +0000] "POST /api/v4/jobs/request HTTP/1.1" 204 0 "" "gitlab-runner 11.4.2 (11-4-stable; go1.8.7; linux/amd64)"
172.18.0.4 - - [12/Nov/2018:15:28:12 +0000] "POST /api/v4/jobs/request HTTP/1.1" 204 0 "" "gitlab-runner 11.4.2 (11-4-stable; go1.8.7; linux/amd64)"
172.18.0.3 - - [12/Nov/2018:15:28:13 +0000] "POST /api/v4/jobs/request HTTP/1.1" 204 0 "" "gitlab-runner 11.4.2 (11-4-stable; go1.8.7; linux/amd64)"
172.18.0.4 - - [12/Nov/2018:15:28:15 +0000] "POST /api/v4/jobs/request HTTP/1.1" 204 0 "" "gitlab-runner 11.4.2 (11-4-stable; go1.8.7; linux/amd64)"
172.18.0.3 - - [12/Nov/2018:15:28:16 +0000] "POST /api/v4/jobs/request HTTP/1.1" 204 0 "" "gitlab-runner 11.4.2 (11-4-stable; go1.8.7; linux/amd64)"
172.18.0.4 - - [12/Nov/2018:15:28:18 +0000] "POST /api/v4/jobs/request HTTP/1.1" 204 0 "" "gitlab-runner 11.4.2 (11-4-stable; go1.8.7; linux/amd64)"
172.18.0.3 - - [12/Nov/2018:15:28:19 +0000] "POST /api/v4/jobs/request HTTP/1.1" 204 0 "" "gitlab-runner 11.4.2 (11-4-stable; go1.8.7; linux/amd64)"
172.18.0.4 - - [12/Nov/2018:15:28:21 +0000] "POST /api/v4/jobs/request HTTP/1.1" 204 0 "" "gitlab-runner 11.4.2 (11-4-stable; go1.8.7; linux/amd64)"
172.18.0.3 - - [12/Nov/2018:15:28:22 +0000] "POST /api/v4/jobs/request HTTP/1.1" 204 0 "" "gitlab-runner 11.4.2 (11-4-stable; go1.8.7; linux/amd64)"
172.18.0.4 - - [12/Nov/2018:15:28:24 +0000] "POST /api/v4/jobs/request HTTP/1.1" 204 0 "" "gitlab-runner 11.4.2 (11-4-stable; go1.8.7; linux/amd64)"
172.18.0.3 - - [12/Nov/2018:15:28:25 +0000] "POST /api/v4/jobs/request HTTP/1.1" 204 0 "" "gitlab-runner 11.4.2 (11-4-stable; go1.8.7; linux/amd64)"
172.18.0.4 - - [12/Nov/2018:15:28:27 +0000] "POST /api/v4/jobs/request HTTP/1.1" 204 0 "" "gitlab-runner 11.4.2 (11-4-stable; go1.8.7; linux/amd64)"
172.18.0.3 - - [12/Nov/2018:15:28:28 +0000] "POST /api/v4/jobs/request HTTP/1.1" 204 0 "" "gitlab-runner 11.4.2 (11-4-stable; go1.8.7; linux/amd64)"
172.18.0.4 - - [12/Nov/2018:15:28:30 +0000] "POST /api/v4/jobs/request HTTP/1.1" 204 0 "" "gitlab-runner 11.4.2 (11-4-stable; go1.8.7; linux/amd64)"
172.18.0.3 - - [12/Nov/2018:15:28:31 +0000] "POST /api/v4/jobs/request HTTP/1.1" 204 0 "" "gitlab-runner 11.4.2 (11-4-stable; go1.8.7; linux/amd64)"
172.18.0.4 - - [12/Nov/2018:15:28:33 +0000] "POST /api/v4/jobs/request HTTP/1.1" 204 0 "" "gitlab-runner 11.4.2 (11-4-stable; go1.8.7; linux/amd64)"
172.18.0.3 - - [12/Nov/2018:15:28:34 +0000] "POST /api/v4/jobs/request HTTP/1.1" 204 0 "" "gitlab-runner 11.4.2 (11-4-stable; go1.8.7; linux/amd64)"
172.18.0.4 - - [12/Nov/2018:15:28:36 +0000] "POST /api/v4/jobs/request HTTP/1.1" 204 0 "" "gitlab-runner 11.4.2 (11-4-stable; go1.8.7; linux/amd64)"
172.18.0.3 - - [12/Nov/2018:15:28:37 +0000] "POST /api/v4/jobs/request HTTP/1.1" 204 0 "" "gitlab-runner 11.4.2 (11-4-stable; go1.8.7; linux/amd64)"
172.18.0.4 - - [12/Nov/2018:15:28:39 +0000] "POST /api/v4/jobs/request HTTP/1.1" 204 0 "" "gitlab-runner 11.4.2 (11-4-stable; go1.8.7; linux/amd64)"
172.18.0.3 - - [12/Nov/2018:15:28:40 +0000] "POST /api/v4/jobs/request HTTP/1.1" 204 0 "" "gitlab-runner 11.4.2 (11-4-stable; go1.8.7; linux/amd64)"
172.18.0.4 - - [12/Nov/2018:15:28:42 +0000] "POST /api/v4/jobs/request HTTP/1.1" 204 0 "" "gitlab-runner 11.4.2 (11-4-stable; go1.8.7; linux/amd64)"
172.18.0.3 - - [12/Nov/2018:15:28:43 +0000] "POST /api/v4/jobs/request HTTP/1.1" 204 0 "" "gitlab-runner 11.4.2 (11-4-stable; go1.8.7; linux/amd64)"
172.18.0.4 - - [12/Nov/2018:15:28:45 +0000] "POST /api/v4/jobs/request HTTP/1.1" 204 0 "" "gitlab-runner 11.4.2 (11-4-stable; go1.8.7; linux/amd64)"
172.18.0.3 - - [12/Nov/2018:15:28:46 +0000] "POST /api/v4/jobs/request HTTP/1.1" 204 0 "" "gitlab-runner 11.4.2 (11-4-stable; go1.8.7; linux/amd64)"
172.18.0.4 - - [12/Nov/2018:15:28:48 +0000] "POST /api/v4/jobs/request HTTP/1.1" 204 0 "" "gitlab-runner 11.4.2 (11-4-stable; go1.8.7; linux/amd64)"
172.18.0.3 - - [12/Nov/2018:15:28:49 +0000] "POST /api/v4/jobs/request HTTP/1.1" 204 0 "" "gitlab-runner 11.4.2 (11-4-stable; go1.8.7; linux/amd64)"
172.18.0.4 - - [12/Nov/2018:15:28:51 +0000] "POST /api/v4/jobs/request HTTP/1.1" 204 0 "" "gitlab-runner 11.4.2 (11-4-stable; go1.8.7; linux/amd64)"
172.18.0.3 - - [12/Nov/2018:15:28:52 +0000] "POST /api/v4/jobs/request HTTP/1.1" 204 0 "" "gitlab-runner 11.4.2 (11-4-stable; go1.8.7; linux/amd64)"
172.18.0.4 - - [12/Nov/2018:15:28:54 +0000] "POST /api/v4/jobs/request HTTP/1.1" 204 0 "" "gitlab-runner 11.4.2 (11-4-stable; go1.8.7; linux/amd64)"
172.18.0.3 - - [12/Nov/2018:15:28:55 +0000] "POST /api/v4/jobs/request HTTP/1.1" 204 0 "" "gitlab-runner 11.4.2 (11-4-stable; go1.8.7; linux/amd64)"
172.18.0.4 - - [12/Nov/2018:15:28:57 +0000] "POST /api/v4/jobs/request HTTP/1.1" 204 0 "" "gitlab-runner 11.4.2 (11-4-stable; go1.8.7; linux/amd64)"
172.18.0.1 - - [12/Nov/2018:15:28:58 +0000] "GET /admin/runners HTTP/1.1" 200 10081 "http://localhost/admin" "Mozilla/5.0 (Macintosh; Intel Mac OS X 10_12_6) AppleWebKit/605.1.15 (KHTML, like Gecko) Version/12.0.1 Safari/605.1.15"
172.18.0.3 - - [12/Nov/2018:15:28:58 +0000] "POST /api/v4/jobs/request HTTP/1.1" 204 0 "" "gitlab-runner 11.4.2 (11-4-stable; go1.8.7; linux/amd64)"
172.18.0.4 - - [12/Nov/2018:15:29:00 +0000] "POST /api/v4/jobs/request HTTP/1.1" 204 0 "" "gitlab-runner 11.4.2 (11-4-stable; go1.8.7; linux/amd64)"
172.18.0.3 - - [12/Nov/2018:15:29:01 +0000] "POST /api/v4/jobs/request HTTP/1.1" 204 0 "" "gitlab-runner 11.4.2 (11-4-stable; go1.8.7; linux/amd64)"
172.18.0.4 - - [12/Nov/2018:15:29:03 +0000] "POST /api/v4/jobs/request HTTP/1.1" 204 0 "" "gitlab-runner 11.4.2 (11-4-stable; go1.8.7; linux/amd64)"
172.18.0.3 - - [12/Nov/2018:15:29:04 +0000] "POST /api/v4/jobs/request HTTP/1.1" 204 0 "" "gitlab-runner 11.4.2 (11-4-stable; go1.8.7; linux/amd64)"
172.18.0.4 - - [12/Nov/2018:15:29:06 +0000] "POST /api/v4/jobs/request HTTP/1.1" 204 0 "" "gitlab-runner 11.4.2 (11-4-stable; go1.8.7; linux/amd64)"
172.18.0.3 - - [12/Nov/2018:15:29:07 +0000] "POST /api/v4/jobs/request HTTP/1.1" 204 0 "" "gitlab-runner 11.4.2 (11-4-stable; go1.8.7; linux/amd64)"
172.18.0.4 - - [12/Nov/2018:15:29:09 +0000] "POST /api/v4/jobs/request HTTP/1.1" 204 0 "" "gitlab-runner 11.4.2 (11-4-stable; go1.8.7; linux/amd64)"
127.0.0.1 - - [12/Nov/2018:15:29:09 +0000] "GET /help HTTP/1.1" 200 37694 "" "curl/7.59.0"
172.18.0.3 - - [12/Nov/2018:15:29:10 +0000] "POST /api/v4/jobs/request HTTP/1.1" 204 0 "" "gitlab-runner 11.4.2 (11-4-stable; go1.8.7; linux/amd64)"
172.18.0.4 - - [12/Nov/2018:15:29:12 +0000] "POST /api/v4/jobs/request HTTP/1.1" 204 0 "" "gitlab-runner 11.4.2 (11-4-stable; go1.8.7; linux/amd64)"
172.18.0.1 - - [12/Nov/2018:15:29:12 +0000] "GET /root/my-awesome-web-app HTTP/1.1" 200 15717 "http://localhost/admin/runners" "Mozilla/5.0 (Macintosh; Intel Mac OS X 10_12_6) AppleWebKit/605.1.15 (KHTML, like Gecko) Version/12.0.1 Safari/605.1.15"
172.18.0.3 - - [12/Nov/2018:15:29:13 +0000] "POST /api/v4/jobs/request HTTP/1.1" 204 0 "" "gitlab-runner 11.4.2 (11-4-stable; go1.8.7; linux/amd64)"
172.18.0.1 - - [12/Nov/2018:15:29:14 +0000] "GET /root/my-awesome-web-app/commits/master/signatures HTTP/1.1" 200 17 "http://localhost/root/my-awesome-web-app" "Mozilla/5.0 (Macintosh; Intel Mac OS X 10_12_6) AppleWebKit/605.1.15 (KHTML, like Gecko) Version/12.0.1 Safari/605.1.15"
172.18.0.1 - - [12/Nov/2018:15:29:14 +0000] "GET /root/my-awesome-web-app/blob/master/README.md?format=json&viewer=rich HTTP/1.1" 200 2660 "http://localhost/root/my-awesome-web-app" "Mozilla/5.0 (Macintosh; Intel Mac OS X 10_12_6) AppleWebKit/605.1.15 (KHTML, like Gecko) Version/12.0.1 Safari/605.1.15"
172.18.0.1 - - [12/Nov/2018:15:29:15 +0000] "GET /root/my-awesome-web-app/refs/master/logs_tree/?format=js HTTP/1.1" 200 564 "http://localhost/root/my-awesome-web-app" "Mozilla/5.0 (Macintosh; Intel Mac OS X 10_12_6) AppleWebKit/605.1.15 (KHTML, like Gecko) Version/12.0.1 Safari/605.1.15"
172.18.0.4 - - [12/Nov/2018:15:29:15 +0000] "POST /api/v4/jobs/request HTTP/1.1" 204 0 "" "gitlab-runner 11.4.2 (11-4-stable; go1.8.7; linux/amd64)"
172.18.0.3 - - [12/Nov/2018:15:29:16 +0000] "POST /api/v4/jobs/request HTTP/1.1" 204 0 "" "gitlab-runner 11.4.2 (11-4-stable; go1.8.7; linux/amd64)"
172.18.0.4 - - [12/Nov/2018:15:29:18 +0000] "POST /api/v4/jobs/request HTTP/1.1" 204 0 "" "gitlab-runner 11.4.2 (11-4-stable; go1.8.7; linux/amd64)"
172.18.0.3 - - [12/Nov/2018:15:29:19 +0000] "POST /api/v4/jobs/request HTTP/1.1" 204 0 "" "gitlab-runner 11.4.2 (11-4-stable; go1.8.7; linux/amd64)"
172.18.0.4 - - [12/Nov/2018:15:29:21 +0000] "POST /api/v4/jobs/request HTTP/1.1" 204 0 "" "gitlab-runner 11.4.2 (11-4-stable; go1.8.7; linux/amd64)"
172.18.0.3 - - [12/Nov/2018:15:29:22 +0000] "POST /api/v4/jobs/request HTTP/1.1" 204 0 "" "gitlab-runner 11.4.2 (11-4-stable; go1.8.7; linux/amd64)"
172.18.0.4 - - [12/Nov/2018:15:29:24 +0000] "POST /api/v4/jobs/request HTTP/1.1" 204 0 "" "gitlab-runner 11.4.2 (11-4-stable; go1.8.7; linux/amd64)"
172.18.0.1 - - [12/Nov/2018:15:29:25 +0000] "GET /root/my-awesome-web-app/settings/ci_cd HTTP/1.1" 200 15835 "http://localhost/root/my-awesome-web-app" "Mozilla/5.0 (Macintosh; Intel Mac OS X 10_12_6) AppleWebKit/605.1.15 (KHTML, like Gecko) Version/12.0.1 Safari/605.1.15"
172.18.0.1 - - [12/Nov/2018:15:29:25 +0000] "GET /root/my-awesome-web-app/badges/master/coverage.svg HTTP/1.1" 401 49 "http://localhost/root/my-awesome-web-app/settings/ci_cd" "Mozilla/5.0 (Macintosh; Intel Mac OS X 10_12_6) AppleWebKit/605.1.15 (KHTML, like Gecko) Version/12.0.1 Safari/605.1.15"
172.18.0.1 - - [12/Nov/2018:15:29:25 +0000] "GET /root/my-awesome-web-app/badges/master/pipeline.svg HTTP/1.1" 401 49 "http://localhost/root/my-awesome-web-app/settings/ci_cd" "Mozilla/5.0 (Macintosh; Intel Mac OS X 10_12_6) AppleWebKit/605.1.15 (KHTML, like Gecko) Version/12.0.1 Safari/605.1.15"
172.18.0.3 - - [12/Nov/2018:15:29:25 +0000] "POST /api/v4/jobs/request HTTP/1.1" 204 0 "" "gitlab-runner 11.4.2 (11-4-stable; go1.8.7; linux/amd64)"
172.18.0.4 - - [12/Nov/2018:15:29:27 +0000] "POST /api/v4/jobs/request HTTP/1.1" 204 0 "" "gitlab-runner 11.4.2 (11-4-stable; go1.8.7; linux/amd64)"
172.18.0.3 - - [12/Nov/2018:15:29:28 +0000] "POST /api/v4/jobs/request HTTP/1.1" 204 0 "" "gitlab-runner 11.4.2 (11-4-stable; go1.8.7; linux/amd64)"
172.18.0.4 - - [12/Nov/2018:15:29:30 +0000] "POST /api/v4/jobs/request HTTP/1.1" 204 0 "" "gitlab-runner 11.4.2 (11-4-stable; go1.8.7; linux/amd64)"
172.18.0.3 - - [12/Nov/2018:15:29:31 +0000] "POST /api/v4/jobs/request HTTP/1.1" 204 0 "" "gitlab-runner 11.4.2 (11-4-stable; go1.8.7; linux/amd64)"
172.18.0.4 - - [12/Nov/2018:15:29:33 +0000] "POST /api/v4/jobs/request HTTP/1.1" 204 0 "" "gitlab-runner 11.4.2 (11-4-stable; go1.8.7; linux/amd64)"
172.18.0.3 - - [12/Nov/2018:15:29:34 +0000] "POST /api/v4/jobs/request HTTP/1.1" 204 0 "" "gitlab-runner 11.4.2 (11-4-stable; go1.8.7; linux/amd64)"
172.18.0.4 - - [12/Nov/2018:15:29:36 +0000] "POST /api/v4/jobs/request HTTP/1.1" 204 0 "" "gitlab-runner 11.4.2 (11-4-stable; go1.8.7; linux/amd64)"
172.18.0.3 - - [12/Nov/2018:15:29:37 +0000] "POST /api/v4/jobs/request HTTP/1.1" 204 0 "" "gitlab-runner 11.4.2 (11-4-stable; go1.8.7; linux/amd64)"
172.18.0.4 - - [12/Nov/2018:15:29:39 +0000] "POST /api/v4/jobs/request HTTP/1.1" 204 0 "" "gitlab-runner 11.4.2 (11-4-stable; go1.8.7; linux/amd64)"
172.18.0.3 - - [12/Nov/2018:15:29:40 +0000] "POST /api/v4/jobs/request HTTP/1.1" 204 0 "" "gitlab-runner 11.4.2 (11-4-stable; go1.8.7; linux/amd64)"
172.18.0.4 - - [12/Nov/2018:15:29:42 +0000] "POST /api/v4/jobs/request HTTP/1.1" 204 0 "" "gitlab-runner 11.4.2 (11-4-stable; go1.8.7; linux/amd64)"
172.18.0.3 - - [12/Nov/2018:15:29:43 +0000] "POST /api/v4/jobs/request HTTP/1.1" 204 0 "" "gitlab-runner 11.4.2 (11-4-stable; go1.8.7; linux/amd64)"
172.18.0.1 - - [12/Nov/2018:15:29:44 +0000] "PATCH /root/my-awesome-web-app/variables HTTP/1.1" 200 147 "http://localhost/root/my-awesome-web-app/settings/ci_cd" "Mozilla/5.0 (Macintosh; Intel Mac OS X 10_12_6) AppleWebKit/605.1.15 (KHTML, like Gecko) Version/12.0.1 Safari/605.1.15"
172.18.0.4 - - [12/Nov/2018:15:29:45 +0000] "POST /api/v4/jobs/request HTTP/1.1" 204 0 "" "gitlab-runner 11.4.2 (11-4-stable; go1.8.7; linux/amd64)"
172.18.0.3 - - [12/Nov/2018:15:29:46 +0000] "POST /api/v4/jobs/request HTTP/1.1" 204 0 "" "gitlab-runner 11.4.2 (11-4-stable; go1.8.7; linux/amd64)"
172.18.0.4 - - [12/Nov/2018:15:29:48 +0000] "POST /api/v4/jobs/request HTTP/1.1" 204 0 "" "gitlab-runner 11.4.2 (11-4-stable; go1.8.7; linux/amd64)"
172.18.0.3 - - [12/Nov/2018:15:29:49 +0000] "POST /api/v4/jobs/request HTTP/1.1" 204 0 "" "gitlab-runner 11.4.2 (11-4-stable; go1.8.7; linux/amd64)"
172.18.0.1 - - [12/Nov/2018:15:29:50 +0000] "GET /root/my-awesome-web-app HTTP/1.1" 200 15700 "http://localhost/root/my-awesome-web-app/settings/ci_cd" "Mozilla/5.0 (Macintosh; Intel Mac OS X 10_12_6) AppleWebKit/605.1.15 (KHTML, like Gecko) Version/12.0.1 Safari/605.1.15"
172.18.0.4 - - [12/Nov/2018:15:29:51 +0000] "POST /api/v4/jobs/request HTTP/1.1" 204 0 "" "gitlab-runner 11.4.2 (11-4-stable; go1.8.7; linux/amd64)"
172.18.0.3 - - [12/Nov/2018:15:29:52 +0000] "POST /api/v4/jobs/request HTTP/1.1" 204 0 "" "gitlab-runner 11.4.2 (11-4-stable; go1.8.7; linux/amd64)"
172.18.0.1 - - [12/Nov/2018:15:29:52 +0000] "GET /root/my-awesome-web-app/refs/master/logs_tree/?format=js HTTP/1.1" 499 0 "http://localhost/root/my-awesome-web-app" "Mozilla/5.0 (Macintosh; Intel Mac OS X 10_12_6) AppleWebKit/605.1.15 (KHTML, like Gecko) Version/12.0.1 Safari/605.1.15"
172.18.0.1 - - [12/Nov/2018:15:29:52 +0000] "GET /root/my-awesome-web-app/commits/master/signatures HTTP/1.1" 499 0 "http://localhost/root/my-awesome-web-app" "Mozilla/5.0 (Macintosh; Intel Mac OS X 10_12_6) AppleWebKit/605.1.15 (KHTML, like Gecko) Version/12.0.1 Safari/605.1.15"
172.18.0.1 - - [12/Nov/2018:15:29:52 +0000] "GET /root/my-awesome-web-app/blob/master/README.md?format=json&viewer=rich HTTP/1.1" 499 0 "http://localhost/root/my-awesome-web-app" "Mozilla/5.0 (Macintosh; Intel Mac OS X 10_12_6) AppleWebKit/605.1.15 (KHTML, like Gecko) Version/12.0.1 Safari/605.1.15"
172.18.0.4 - - [12/Nov/2018:15:29:54 +0000] "POST /api/v4/jobs/request HTTP/1.1" 204 0 "" "gitlab-runner 11.4.2 (11-4-stable; go1.8.7; linux/amd64)"
172.18.0.3 - - [12/Nov/2018:15:29:55 +0000] "POST /api/v4/jobs/request HTTP/1.1" 204 0 "" "gitlab-runner 11.4.2 (11-4-stable; go1.8.7; linux/amd64)"
172.18.0.1 - - [12/Nov/2018:15:29:56 +0000] "GET /root/my-awesome-web-app/commit/3d2b2d6d1f5d4b24834d8d732dc9cb34f2781162/pipelines?ref=master HTTP/1.1" 200 10268 "http://localhost/root/my-awesome-web-app" "Mozilla/5.0 (Macintosh; Intel Mac OS X 10_12_6) AppleWebKit/605.1.15 (KHTML, like Gecko) Version/12.0.1 Safari/605.1.15"
172.18.0.4 - - [12/Nov/2018:15:29:57 +0000] "POST /api/v4/jobs/request HTTP/1.1" 204 0 "" "gitlab-runner 11.4.2 (11-4-stable; go1.8.7; linux/amd64)"
172.18.0.1 - - [12/Nov/2018:15:29:58 +0000] "GET /root/my-awesome-web-app/commit/3d2b2d6d1f5d4b24834d8d732dc9cb34f2781162/branches HTTP/1.1" 200 253 "http://localhost/root/my-awesome-web-app/commit/3d2b2d6d1f5d4b24834d8d732dc9cb34f2781162/pipelines" "Mozilla/5.0 (Macintosh; Intel Mac OS X 10_12_6) AppleWebKit/605.1.15 (KHTML, like Gecko) Version/12.0.1 Safari/605.1.15"
172.18.0.3 - - [12/Nov/2018:15:29:58 +0000] "POST /api/v4/jobs/request HTTP/1.1" 204 0 "" "gitlab-runner 11.4.2 (11-4-stable; go1.8.7; linux/amd64)"
172.18.0.1 - - [12/Nov/2018:15:29:59 +0000] "GET /root/my-awesome-web-app/pipelines/1/stage_ajax?stage=build HTTP/1.1" 200 481 "http://localhost/root/my-awesome-web-app/commit/3d2b2d6d1f5d4b24834d8d732dc9cb34f2781162/pipelines" "Mozilla/5.0 (Macintosh; Intel Mac OS X 10_12_6) AppleWebKit/605.1.15 (KHTML, like Gecko) Version/12.0.1 Safari/605.1.15"
172.18.0.4 - - [12/Nov/2018:15:30:00 +0000] "POST /api/v4/jobs/request HTTP/1.1" 204 0 "" "gitlab-runner 11.4.2 (11-4-stable; go1.8.7; linux/amd64)"
172.18.0.1 - - [12/Nov/2018:15:30:00 +0000] "GET /root/my-awesome-web-app/commit/3d2b2d6d1f5d4b24834d8d732dc9cb34f2781162/pipelines.json HTTP/1.1" 200 1033 "http://localhost/root/my-awesome-web-app/commit/3d2b2d6d1f5d4b24834d8d732dc9cb34f2781162/pipelines" "Mozilla/5.0 (Macintosh; Intel Mac OS X 10_12_6) AppleWebKit/605.1.15 (KHTML, like Gecko) Version/12.0.1 Safari/605.1.15"
172.18.0.3 - - [12/Nov/2018:15:30:01 +0000] "POST /api/v4/jobs/request HTTP/1.1" 204 0 "" "gitlab-runner 11.4.2 (11-4-stable; go1.8.7; linux/amd64)"
172.18.0.4 - - [12/Nov/2018:15:30:03 +0000] "POST /api/v4/jobs/request HTTP/1.1" 204 0 "" "gitlab-runner 11.4.2 (11-4-stable; go1.8.7; linux/amd64)"
172.18.0.3 - - [12/Nov/2018:15:30:04 +0000] "POST /api/v4/jobs/request HTTP/1.1" 204 0 "" "gitlab-runner 11.4.2 (11-4-stable; go1.8.7; linux/amd64)"
172.18.0.4 - - [12/Nov/2018:15:30:06 +0000] "POST /api/v4/jobs/request HTTP/1.1" 204 0 "" "gitlab-runner 11.4.2 (11-4-stable; go1.8.7; linux/amd64)"
172.18.0.3 - - [12/Nov/2018:15:30:07 +0000] "POST /api/v4/jobs/request HTTP/1.1" 204 0 "" "gitlab-runner 11.4.2 (11-4-stable; go1.8.7; linux/amd64)"
172.18.0.1 - - [12/Nov/2018:15:30:09 +0000] "GET /root/my-awesome-web-app/-/jobs/1 HTTP/1.1" 200 9451 "http://localhost/root/my-awesome-web-app/commit/3d2b2d6d1f5d4b24834d8d732dc9cb34f2781162/pipelines" "Mozilla/5.0 (Macintosh; Intel Mac OS X 10_12_6) AppleWebKit/605.1.15 (KHTML, like Gecko) Version/12.0.1 Safari/605.1.15"
172.18.0.4 - - [12/Nov/2018:15:30:09 +0000] "POST /api/v4/jobs/request HTTP/1.1" 204 0 "" "gitlab-runner 11.4.2 (11-4-stable; go1.8.7; linux/amd64)"
172.18.0.1 - - [12/Nov/2018:15:30:10 +0000] "GET /root/my-awesome-web-app/-/jobs/1/trace.json?state= HTTP/1.1" 200 871 "http://localhost/root/my-awesome-web-app/-/jobs/1" "Mozilla/5.0 (Macintosh; Intel Mac OS X 10_12_6) AppleWebKit/605.1.15 (KHTML, like Gecko) Version/12.0.1 Safari/605.1.15"
172.18.0.3 - - [12/Nov/2018:15:30:10 +0000] "POST /api/v4/jobs/request HTTP/1.1" 204 0 "" "gitlab-runner 11.4.2 (11-4-stable; go1.8.7; linux/amd64)"
172.18.0.1 - - [12/Nov/2018:15:30:11 +0000] "GET /root/my-awesome-web-app/-/jobs/1/status.json HTTP/1.1" 200 639 "http://localhost/root/my-awesome-web-app/-/jobs/1" "Mozilla/5.0 (Macintosh; Intel Mac OS X 10_12_6) AppleWebKit/605.1.15 (KHTML, like Gecko) Version/12.0.1 Safari/605.1.15"
127.0.0.1 - - [12/Nov/2018:15:30:11 +0000] "GET /help HTTP/1.1" 200 37693 "" "curl/7.59.0"
172.18.0.1 - - [12/Nov/2018:15:30:12 +0000] "GET /root/my-awesome-web-app/-/jobs/1.json HTTP/1.1" 499 0 "http://localhost/root/my-awesome-web-app/-/jobs/1" "Mozilla/5.0 (Macintosh; Intel Mac OS X 10_12_6) AppleWebKit/605.1.15 (KHTML, like Gecko) Version/12.0.1 Safari/605.1.15"
172.18.0.4 - - [12/Nov/2018:15:30:12 +0000] "POST /api/v4/jobs/request HTTP/1.1" 204 0 "" "gitlab-runner 11.4.2 (11-4-stable; go1.8.7; linux/amd64)"
172.18.0.3 - - [12/Nov/2018:15:30:13 +0000] "POST /api/v4/jobs/request HTTP/1.1" 204 0 "" "gitlab-runner 11.4.2 (11-4-stable; go1.8.7; linux/amd64)"
172.18.0.1 - - [12/Nov/2018:15:30:14 +0000] "GET /root/my-awesome-web-app/pipelines HTTP/1.1" 200 8560 "http://localhost/root/my-awesome-web-app/-/jobs/1" "Mozilla/5.0 (Macintosh; Intel Mac OS X 10_12_6) AppleWebKit/605.1.15 (KHTML, like Gecko) Version/12.0.1 Safari/605.1.15"
172.18.0.4 - - [12/Nov/2018:15:30:15 +0000] "POST /api/v4/jobs/request HTTP/1.1" 204 0 "" "gitlab-runner 11.4.2 (11-4-stable; go1.8.7; linux/amd64)"
172.18.0.3 - - [12/Nov/2018:15:30:16 +0000] "POST /api/v4/jobs/request HTTP/1.1" 204 0 "" "gitlab-runner 11.4.2 (11-4-stable; go1.8.7; linux/amd64)"
172.18.0.1 - - [12/Nov/2018:15:30:17 +0000] "GET /root/my-awesome-web-app/pipelines.json?scope=all&page=1 HTTP/1.1" 200 1045 "http://localhost/root/my-awesome-web-app/pipelines" "Mozilla/5.0 (Macintosh; Intel Mac OS X 10_12_6) AppleWebKit/605.1.15 (KHTML, like Gecko) Version/12.0.1 Safari/605.1.15"
172.18.0.4 - - [12/Nov/2018:15:30:18 +0000] "POST /api/v4/jobs/request HTTP/1.1" 204 0 "" "gitlab-runner 11.4.2 (11-4-stable; go1.8.7; linux/amd64)"
172.18.0.3 - - [12/Nov/2018:15:30:19 +0000] "POST /api/v4/jobs/request HTTP/1.1" 204 0 "" "gitlab-runner 11.4.2 (11-4-stable; go1.8.7; linux/amd64)"
172.18.0.4 - - [12/Nov/2018:15:30:21 +0000] "POST /api/v4/jobs/request HTTP/1.1" 204 0 "" "gitlab-runner 11.4.2 (11-4-stable; go1.8.7; linux/amd64)"
172.18.0.3 - - [12/Nov/2018:15:30:22 +0000] "POST /api/v4/jobs/request HTTP/1.1" 204 0 "" "gitlab-runner 11.4.2 (11-4-stable; go1.8.7; linux/amd64)"
172.18.0.4 - - [12/Nov/2018:15:30:24 +0000] "POST /api/v4/jobs/request HTTP/1.1" 204 0 "" "gitlab-runner 11.4.2 (11-4-stable; go1.8.7; linux/amd64)"
172.18.0.3 - - [12/Nov/2018:15:30:25 +0000] "POST /api/v4/jobs/request HTTP/1.1" 204 0 "" "gitlab-runner 11.4.2 (11-4-stable; go1.8.7; linux/amd64)"
172.18.0.4 - - [12/Nov/2018:15:30:27 +0000] "POST /api/v4/jobs/request HTTP/1.1" 204 0 "" "gitlab-runner 11.4.2 (11-4-stable; go1.8.7; linux/amd64)"
172.18.0.3 - - [12/Nov/2018:15:30:28 +0000] "POST /api/v4/jobs/request HTTP/1.1" 204 0 "" "gitlab-runner 11.4.2 (11-4-stable; go1.8.7; linux/amd64)"
172.18.0.4 - - [12/Nov/2018:15:30:30 +0000] "POST /api/v4/jobs/request HTTP/1.1" 204 0 "" "gitlab-runner 11.4.2 (11-4-stable; go1.8.7; linux/amd64)"
172.18.0.3 - - [12/Nov/2018:15:30:31 +0000] "POST /api/v4/jobs/request HTTP/1.1" 204 0 "" "gitlab-runner 11.4.2 (11-4-stable; go1.8.7; linux/amd64)"
172.18.0.4 - - [12/Nov/2018:15:30:33 +0000] "POST /api/v4/jobs/request HTTP/1.1" 204 0 "" "gitlab-runner 11.4.2 (11-4-stable; go1.8.7; linux/amd64)"
172.18.0.3 - - [12/Nov/2018:15:30:34 +0000] "POST /api/v4/jobs/request HTTP/1.1" 204 0 "" "gitlab-runner 11.4.2 (11-4-stable; go1.8.7; linux/amd64)"
172.18.0.4 - - [12/Nov/2018:15:30:36 +0000] "POST /api/v4/jobs/request HTTP/1.1" 204 0 "" "gitlab-runner 11.4.2 (11-4-stable; go1.8.7; linux/amd64)"
172.18.0.3 - - [12/Nov/2018:15:30:37 +0000] "POST /api/v4/jobs/request HTTP/1.1" 204 0 "" "gitlab-runner 11.4.2 (11-4-stable; go1.8.7; linux/amd64)"
172.18.0.4 - - [12/Nov/2018:15:30:39 +0000] "POST /api/v4/jobs/request HTTP/1.1" 204 0 "" "gitlab-runner 11.4.2 (11-4-stable; go1.8.7; linux/amd64)"
172.18.0.3 - - [12/Nov/2018:15:30:40 +0000] "POST /api/v4/jobs/request HTTP/1.1" 204 0 "" "gitlab-runner 11.4.2 (11-4-stable; go1.8.7; linux/amd64)"
172.18.0.4 - - [12/Nov/2018:15:30:42 +0000] "POST /api/v4/jobs/request HTTP/1.1" 204 0 "" "gitlab-runner 11.4.2 (11-4-stable; go1.8.7; linux/amd64)"
172.18.0.3 - - [12/Nov/2018:15:30:43 +0000] "POST /api/v4/jobs/request HTTP/1.1" 204 0 "" "gitlab-runner 11.4.2 (11-4-stable; go1.8.7; linux/amd64)"
172.18.0.4 - - [12/Nov/2018:15:30:45 +0000] "POST /api/v4/jobs/request HTTP/1.1" 204 0 "" "gitlab-runner 11.4.2 (11-4-stable; go1.8.7; linux/amd64)"
172.18.0.3 - - [12/Nov/2018:15:30:46 +0000] "POST /api/v4/jobs/request HTTP/1.1" 204 0 "" "gitlab-runner 11.4.2 (11-4-stable; go1.8.7; linux/amd64)"
172.18.0.4 - - [12/Nov/2018:15:30:48 +0000] "POST /api/v4/jobs/request HTTP/1.1" 204 0 "" "gitlab-runner 11.4.2 (11-4-stable; go1.8.7; linux/amd64)"
172.18.0.3 - - [12/Nov/2018:15:30:49 +0000] "POST /api/v4/jobs/request HTTP/1.1" 204 0 "" "gitlab-runner 11.4.2 (11-4-stable; go1.8.7; linux/amd64)"
172.18.0.4 - - [12/Nov/2018:15:30:51 +0000] "POST /api/v4/jobs/request HTTP/1.1" 204 0 "" "gitlab-runner 11.4.2 (11-4-stable; go1.8.7; linux/amd64)"
172.18.0.3 - - [12/Nov/2018:15:30:52 +0000] "POST /api/v4/jobs/request HTTP/1.1" 204 0 "" "gitlab-runner 11.4.2 (11-4-stable; go1.8.7; linux/amd64)"
172.18.0.4 - - [12/Nov/2018:15:30:54 +0000] "POST /api/v4/jobs/request HTTP/1.1" 204 0 "" "gitlab-runner 11.4.2 (11-4-stable; go1.8.7; linux/amd64)"
172.18.0.3 - - [12/Nov/2018:15:30:55 +0000] "POST /api/v4/jobs/request HTTP/1.1" 204 0 "" "gitlab-runner 11.4.2 (11-4-stable; go1.8.7; linux/amd64)"
172.18.0.4 - - [12/Nov/2018:15:30:57 +0000] "POST /api/v4/jobs/request HTTP/1.1" 204 0 "" "gitlab-runner 11.4.2 (11-4-stable; go1.8.7; linux/amd64)"
172.18.0.3 - - [12/Nov/2018:15:30:58 +0000] "POST /api/v4/jobs/request HTTP/1.1" 204 0 "" "gitlab-runner 11.4.2 (11-4-stable; go1.8.7; linux/amd64)"
172.18.0.4 - - [12/Nov/2018:15:31:00 +0000] "POST /api/v4/jobs/request HTTP/1.1" 204 0 "" "gitlab-runner 11.4.2 (11-4-stable; go1.8.7; linux/amd64)"
172.18.0.3 - - [12/Nov/2018:15:31:01 +0000] "POST /api/v4/jobs/request HTTP/1.1" 204 0 "" "gitlab-runner 11.4.2 (11-4-stable; go1.8.7; linux/amd64)"
172.18.0.4 - - [12/Nov/2018:15:31:03 +0000] "POST /api/v4/jobs/request HTTP/1.1" 204 0 "" "gitlab-runner 11.4.2 (11-4-stable; go1.8.7; linux/amd64)"
