172.18.0.3 - - [12/Nov/2018:15:31:04 +0000] "POST /api/v4/jobs/request HTTP/1.1" 204 0 "" "gitlab-runner 11.4.2 (11-4-stable; go1.8.7; linux/amd64)"
172.18.0.4 - - [12/Nov/2018:15:31:06 +0000] "POST /api/v4/jobs/request HTTP/1.1" 204 0 "" "gitlab-runner 11.4.2 (11-4-stable; go1.8.7; linux/amd64)"
172.18.0.3 - - [12/Nov/2018:15:31:07 +0000] "POST /api/v4/jobs/request HTTP/1.1" 204 0 "" "gitlab-runner 11.4.2 (11-4-stable; go1.8.7; linux/amd64)"
172.18.0.4 - - [12/Nov/2018:15:31:09 +0000] "POST /api/v4/jobs/request HTTP/1.1" 204 0 "" "gitlab-runner 11.4.2 (11-4-stable; go1.8.7; linux/amd64)"
172.18.0.3 - - [12/Nov/2018:15:31:10 +0000] "POST /api/v4/jobs/request HTTP/1.1" 204 0 "" "gitlab-runner 11.4.2 (11-4-stable; go1.8.7; linux/amd64)"
127.0.0.1 - - [12/Nov/2018:15:31:11 +0000] "GET /help HTTP/1.1" 200 37694 "" "curl/7.59.0"
172.18.0.4 - - [12/Nov/2018:15:31:12 +0000] "POST /api/v4/jobs/request HTTP/1.1" 204 0 "" "gitlab-runner 11.4.2 (11-4-stable; go1.8.7; linux/amd64)"
172.18.0.3 - - [12/Nov/2018:15:31:13 +0000] "POST /api/v4/jobs/request HTTP/1.1" 204 0 "" "gitlab-runner 11.4.2 (11-4-stable; go1.8.7; linux/amd64)"
172.18.0.4 - - [12/Nov/2018:15:31:15 +0000] "POST /api/v4/jobs/request HTTP/1.1" 204 0 "" "gitlab-runner 11.4.2 (11-4-stable; go1.8.7; linux/amd64)"
172.18.0.3 - - [12/Nov/2018:15:31:16 +0000] "POST /api/v4/jobs/request HTTP/1.1" 204 0 "" "gitlab-runner 11.4.2 (11-4-stable; go1.8.7; linux/amd64)"
172.18.0.4 - - [12/Nov/2018:15:31:18 +0000] "POST /api/v4/jobs/request HTTP/1.1" 204 0 "" "gitlab-runner 11.4.2 (11-4-stable; go1.8.7; linux/amd64)"
172.18.0.3 - - [12/Nov/2018:15:31:19 +0000] "POST /api/v4/jobs/request HTTP/1.1" 204 0 "" "gitlab-runner 11.4.2 (11-4-stable; go1.8.7; linux/amd64)"
172.18.0.4 - - [12/Nov/2018:15:31:21 +0000] "POST /api/v4/jobs/request HTTP/1.1" 204 0 "" "gitlab-runner 11.4.2 (11-4-stable; go1.8.7; linux/amd64)"
172.18.0.3 - - [12/Nov/2018:15:31:22 +0000] "POST /api/v4/jobs/request HTTP/1.1" 204 0 "" "gitlab-runner 11.4.2 (11-4-stable; go1.8.7; linux/amd64)"
172.18.0.4 - - [12/Nov/2018:15:31:24 +0000] "POST /api/v4/jobs/request HTTP/1.1" 204 0 "" "gitlab-runner 11.4.2 (11-4-stable; go1.8.7; linux/amd64)"
172.18.0.3 - - [12/Nov/2018:15:31:25 +0000] "POST /api/v4/jobs/request HTTP/1.1" 204 0 "" "gitlab-runner 11.4.2 (11-4-stable; go1.8.7; linux/amd64)"
172.18.0.4 - - [12/Nov/2018:15:31:27 +0000] "POST /api/v4/jobs/request HTTP/1.1" 204 0 "" "gitlab-runner 11.4.2 (11-4-stable; go1.8.7; linux/amd64)"
172.18.0.3 - - [12/Nov/2018:15:31:28 +0000] "POST /api/v4/jobs/request HTTP/1.1" 204 0 "" "gitlab-runner 11.4.2 (11-4-stable; go1.8.7; linux/amd64)"
172.18.0.4 - - [12/Nov/2018:15:31:30 +0000] "POST /api/v4/jobs/request HTTP/1.1" 204 0 "" "gitlab-runner 11.4.2 (11-4-stable; go1.8.7; linux/amd64)"
172.18.0.3 - - [12/Nov/2018:15:31:31 +0000] "POST /api/v4/jobs/request HTTP/1.1" 204 0 "" "gitlab-runner 11.4.2 (11-4-stable; go1.8.7; linux/amd64)"
172.18.0.4 - - [12/Nov/2018:15:31:33 +0000] "POST /api/v4/jobs/request HTTP/1.1" 204 0 "" "gitlab-runner 11.4.2 (11-4-stable; go1.8.7; linux/amd64)"
172.18.0.3 - - [12/Nov/2018:15:31:34 +0000] "POST /api/v4/jobs/request HTTP/1.1" 204 0 "" "gitlab-runner 11.4.2 (11-4-stable; go1.8.7; linux/amd64)"
172.18.0.4 - - [12/Nov/2018:15:31:36 +0000] "POST /api/v4/jobs/request HTTP/1.1" 204 0 "" "gitlab-runner 11.4.2 (11-4-stable; go1.8.7; linux/amd64)"
172.18.0.3 - - [12/Nov/2018:15:31:37 +0000] "POST /api/v4/jobs/request HTTP/1.1" 204 0 "" "gitlab-runner 11.4.2 (11-4-stable; go1.8.7; linux/amd64)"
172.18.0.4 - - [12/Nov/2018:15:31:39 +0000] "POST /api/v4/jobs/request HTTP/1.1" 204 0 "" "gitlab-runner 11.4.2 (11-4-stable; go1.8.7; linux/amd64)"
172.18.0.3 - - [12/Nov/2018:15:31:40 +0000] "POST /api/v4/jobs/request HTTP/1.1" 204 0 "" "gitlab-runner 11.4.2 (11-4-stable; go1.8.7; linux/amd64)"
172.18.0.4 - - [12/Nov/2018:15:31:42 +0000] "POST /api/v4/jobs/request HTTP/1.1" 204 0 "" "gitlab-runner 11.4.2 (11-4-stable; go1.8.7; linux/amd64)"
172.18.0.3 - - [12/Nov/2018:15:31:43 +0000] "POST /api/v4/jobs/request HTTP/1.1" 204 0 "" "gitlab-runner 11.4.2 (11-4-stable; go1.8.7; linux/amd64)"
172.18.0.4 - - [12/Nov/2018:15:31:45 +0000] "POST /api/v4/jobs/request HTTP/1.1" 204 0 "" "gitlab-runner 11.4.2 (11-4-stable; go1.8.7; linux/amd64)"
172.18.0.3 - - [12/Nov/2018:15:31:46 +0000] "POST /api/v4/jobs/request HTTP/1.1" 204 0 "" "gitlab-runner 11.4.2 (11-4-stable; go1.8.7; linux/amd64)"
172.18.0.4 - - [12/Nov/2018:15:31:48 +0000] "POST /api/v4/jobs/request HTTP/1.1" 204 0 "" "gitlab-runner 11.4.2 (11-4-stable; go1.8.7; linux/amd64)"
172.18.0.3 - - [12/Nov/2018:15:31:49 +0000] "POST /api/v4/jobs/request HTTP/1.1" 204 0 "" "gitlab-runner 11.4.2 (11-4-stable; go1.8.7; linux/amd64)"
172.18.0.4 - - [12/Nov/2018:15:31:51 +0000] "POST /api/v4/jobs/request HTTP/1.1" 204 0 "" "gitlab-runner 11.4.2 (11-4-stable; go1.8.7; linux/amd64)"
172.18.0.3 - - [12/Nov/2018:15:31:52 +0000] "POST /api/v4/jobs/request HTTP/1.1" 204 0 "" "gitlab-runner 11.4.2 (11-4-stable; go1.8.7; linux/amd64)"
172.18.0.4 - - [12/Nov/2018:15:31:54 +0000] "POST /api/v4/jobs/request HTTP/1.1" 204 0 "" "gitlab-runner 11.4.2 (11-4-stable; go1.8.7; linux/amd64)"
172.18.0.3 - - [12/Nov/2018:15:31:55 +0000] "POST /api/v4/jobs/request HTTP/1.1" 204 0 "" "gitlab-runner 11.4.2 (11-4-stable; go1.8.7; linux/amd64)"
172.18.0.4 - - [12/Nov/2018:15:31:58 +0000] "POST /api/v4/jobs/request HTTP/1.1" 204 0 "" "gitlab-runner 11.4.2 (11-4-stable; go1.8.7; linux/amd64)"
172.18.0.3 - - [12/Nov/2018:15:31:59 +0000] "POST /api/v4/jobs/request HTTP/1.1" 204 0 "" "gitlab-runner 11.4.2 (11-4-stable; go1.8.7; linux/amd64)"
172.18.0.4 - - [12/Nov/2018:15:32:01 +0000] "POST /api/v4/jobs/request HTTP/1.1" 204 0 "" "gitlab-runner 11.4.2 (11-4-stable; go1.8.7; linux/amd64)"
172.18.0.3 - - [12/Nov/2018:15:32:02 +0000] "POST /api/v4/jobs/request HTTP/1.1" 204 0 "" "gitlab-runner 11.4.2 (11-4-stable; go1.8.7; linux/amd64)"
172.18.0.4 - - [12/Nov/2018:15:32:04 +0000] "POST /api/v4/jobs/request HTTP/1.1" 204 0 "" "gitlab-runner 11.4.2 (11-4-stable; go1.8.7; linux/amd64)"
172.18.0.3 - - [12/Nov/2018:15:32:05 +0000] "POST /api/v4/jobs/request HTTP/1.1" 204 0 "" "gitlab-runner 11.4.2 (11-4-stable; go1.8.7; linux/amd64)"
172.18.0.4 - - [12/Nov/2018:15:32:07 +0000] "POST /api/v4/jobs/request HTTP/1.1" 204 0 "" "gitlab-runner 11.4.2 (11-4-stable; go1.8.7; linux/amd64)"
172.18.0.3 - - [12/Nov/2018:15:32:08 +0000] "POST /api/v4/jobs/request HTTP/1.1" 204 0 "" "gitlab-runner 11.4.2 (11-4-stable; go1.8.7; linux/amd64)"
172.18.0.4 - - [12/Nov/2018:15:32:10 +0000] "POST /api/v4/jobs/request HTTP/1.1" 204 0 "" "gitlab-runner 11.4.2 (11-4-stable; go1.8.7; linux/amd64)"
172.18.0.3 - - [12/Nov/2018:15:32:11 +0000] "POST /api/v4/jobs/request HTTP/1.1" 204 0 "" "gitlab-runner 11.4.2 (11-4-stable; go1.8.7; linux/amd64)"
127.0.0.1 - - [12/Nov/2018:15:32:12 +0000] "GET /help HTTP/1.1" 200 37694 "" "curl/7.59.0"
172.18.0.4 - - [12/Nov/2018:15:32:13 +0000] "POST /api/v4/jobs/request HTTP/1.1" 204 0 "" "gitlab-runner 11.4.2 (11-4-stable; go1.8.7; linux/amd64)"
172.18.0.3 - - [12/Nov/2018:15:32:14 +0000] "POST /api/v4/jobs/request HTTP/1.1" 204 0 "" "gitlab-runner 11.4.2 (11-4-stable; go1.8.7; linux/amd64)"
172.18.0.4 - - [12/Nov/2018:15:32:16 +0000] "POST /api/v4/jobs/request HTTP/1.1" 204 0 "" "gitlab-runner 11.4.2 (11-4-stable; go1.8.7; linux/amd64)"
172.18.0.3 - - [12/Nov/2018:15:32:17 +0000] "POST /api/v4/jobs/request HTTP/1.1" 204 0 "" "gitlab-runner 11.4.2 (11-4-stable; go1.8.7; linux/amd64)"
172.18.0.4 - - [12/Nov/2018:15:32:19 +0000] "POST /api/v4/jobs/request HTTP/1.1" 204 0 "" "gitlab-runner 11.4.2 (11-4-stable; go1.8.7; linux/amd64)"
172.18.0.3 - - [12/Nov/2018:15:32:20 +0000] "POST /api/v4/jobs/request HTTP/1.1" 204 0 "" "gitlab-runner 11.4.2 (11-4-stable; go1.8.7; linux/amd64)"
172.18.0.4 - - [12/Nov/2018:15:32:22 +0000] "POST /api/v4/jobs/request HTTP/1.1" 204 0 "" "gitlab-runner 11.4.2 (11-4-stable; go1.8.7; linux/amd64)"
172.18.0.3 - - [12/Nov/2018:15:32:23 +0000] "POST /api/v4/jobs/request HTTP/1.1" 204 0 "" "gitlab-runner 11.4.2 (11-4-stable; go1.8.7; linux/amd64)"
172.18.0.4 - - [12/Nov/2018:15:32:25 +0000] "POST /api/v4/jobs/request HTTP/1.1" 204 0 "" "gitlab-runner 11.4.2 (11-4-stable; go1.8.7; linux/amd64)"
172.18.0.3 - - [12/Nov/2018:15:32:26 +0000] "POST /api/v4/jobs/request HTTP/1.1" 204 0 "" "gitlab-runner 11.4.2 (11-4-stable; go1.8.7; linux/amd64)"
172.18.0.4 - - [12/Nov/2018:15:32:28 +0000] "POST /api/v4/jobs/request HTTP/1.1" 204 0 "" "gitlab-runner 11.4.2 (11-4-stable; go1.8.7; linux/amd64)"
172.18.0.3 - - [12/Nov/2018:15:32:29 +0000] "POST /api/v4/jobs/request HTTP/1.1" 204 0 "" "gitlab-runner 11.4.2 (11-4-stable; go1.8.7; linux/amd64)"
172.18.0.4 - - [12/Nov/2018:15:32:31 +0000] "POST /api/v4/jobs/request HTTP/1.1" 204 0 "" "gitlab-runner 11.4.2 (11-4-stable; go1.8.7; linux/amd64)"
172.18.0.3 - - [12/Nov/2018:15:32:32 +0000] "POST /api/v4/jobs/request HTTP/1.1" 204 0 "" "gitlab-runner 11.4.2 (11-4-stable; go1.8.7; linux/amd64)"
172.18.0.1 - - [12/Nov/2018:15:32:34 +0000] "GET /root/my-awesome-web-app/pipelines.json?scope=all&page=1 HTTP/1.1" 200 1045 "http://localhost/root/my-awesome-web-app/pipelines" "Mozilla/5.0 (Macintosh; Intel Mac OS X 10_12_6) AppleWebKit/605.1.15 (KHTML, like Gecko) Version/12.0.1 Safari/605.1.15"
172.18.0.4 - - [12/Nov/2018:15:32:34 +0000] "POST /api/v4/jobs/request HTTP/1.1" 204 0 "" "gitlab-runner 11.4.2 (11-4-stable; go1.8.7; linux/amd64)"
172.18.0.3 - - [12/Nov/2018:15:32:35 +0000] "POST /api/v4/jobs/request HTTP/1.1" 204 0 "" "gitlab-runner 11.4.2 (11-4-stable; go1.8.7; linux/amd64)"
172.18.0.4 - - [12/Nov/2018:15:32:37 +0000] "POST /api/v4/jobs/request HTTP/1.1" 204 0 "" "gitlab-runner 11.4.2 (11-4-stable; go1.8.7; linux/amd64)"
172.18.0.3 - - [12/Nov/2018:15:32:38 +0000] "POST /api/v4/jobs/request HTTP/1.1" 204 0 "" "gitlab-runner 11.4.2 (11-4-stable; go1.8.7; linux/amd64)"
172.18.0.4 - - [12/Nov/2018:15:32:40 +0000] "POST /api/v4/jobs/request HTTP/1.1" 204 0 "" "gitlab-runner 11.4.2 (11-4-stable; go1.8.7; linux/amd64)"
172.18.0.3 - - [12/Nov/2018:15:32:41 +0000] "POST /api/v4/jobs/request HTTP/1.1" 204 0 "" "gitlab-runner 11.4.2 (11-4-stable; go1.8.7; linux/amd64)"
172.18.0.1 - - [12/Nov/2018:15:32:42 +0000] "GET /root/my-awesome-web-app HTTP/1.1" 200 15703 "http://localhost/profile/keys/1" "Mozilla/5.0 (Macintosh; Intel Mac OS X 10_12_6) AppleWebKit/605.1.15 (KHTML, like Gecko) Version/12.0.1 Safari/605.1.15"
172.18.0.4 - - [12/Nov/2018:15:32:43 +0000] "POST /api/v4/jobs/request HTTP/1.1" 204 0 "" "gitlab-runner 11.4.2 (11-4-stable; go1.8.7; linux/amd64)"
172.18.0.1 - - [12/Nov/2018:15:32:43 +0000] "GET /root/my-awesome-web-app/commits/master/signatures HTTP/1.1" 200 17 "http://localhost/root/my-awesome-web-app" "Mozilla/5.0 (Macintosh; Intel Mac OS X 10_12_6) AppleWebKit/605.1.15 (KHTML, like Gecko) Version/12.0.1 Safari/605.1.15"
172.18.0.1 - - [12/Nov/2018:15:32:44 +0000] "GET /root/my-awesome-web-app/blob/master/README.md?format=json&viewer=rich HTTP/1.1" 200 2660 "http://localhost/root/my-awesome-web-app" "Mozilla/5.0 (Macintosh; Intel Mac OS X 10_12_6) AppleWebKit/605.1.15 (KHTML, like Gecko) Version/12.0.1 Safari/605.1.15"
172.18.0.3 - - [12/Nov/2018:15:32:44 +0000] "POST /api/v4/jobs/request HTTP/1.1" 204 0 "" "gitlab-runner 11.4.2 (11-4-stable; go1.8.7; linux/amd64)"
172.18.0.1 - - [12/Nov/2018:15:32:44 +0000] "GET /root/my-awesome-web-app/refs/master/logs_tree/?format=js HTTP/1.1" 499 0 "http://localhost/root/my-awesome-web-app" "Mozilla/5.0 (Macintosh; Intel Mac OS X 10_12_6) AppleWebKit/605.1.15 (KHTML, like Gecko) Version/12.0.1 Safari/605.1.15"
172.18.0.4 - - [12/Nov/2018:15:32:46 +0000] "POST /api/v4/jobs/request HTTP/1.1" 204 0 "" "gitlab-runner 11.4.2 (11-4-stable; go1.8.7; linux/amd64)"
172.18.0.1 - - [12/Nov/2018:15:32:46 +0000] "GET /root/my-awesome-web-app/commit/3d2b2d6d1f5d4b24834d8d732dc9cb34f2781162/pipelines?ref=master HTTP/1.1" 200 10268 "http://localhost/root/my-awesome-web-app" "Mozilla/5.0 (Macintosh; Intel Mac OS X 10_12_6) AppleWebKit/605.1.15 (KHTML, like Gecko) Version/12.0.1 Safari/605.1.15"
172.18.0.3 - - [12/Nov/2018:15:32:47 +0000] "POST /api/v4/jobs/request HTTP/1.1" 204 0 "" "gitlab-runner 11.4.2 (11-4-stable; go1.8.7; linux/amd64)"
172.18.0.1 - - [12/Nov/2018:15:32:48 +0000] "GET /root/my-awesome-web-app/commit/3d2b2d6d1f5d4b24834d8d732dc9cb34f2781162/branches HTTP/1.1" 200 253 "http://localhost/root/my-awesome-web-app/commit/3d2b2d6d1f5d4b24834d8d732dc9cb34f2781162/pipelines" "Mozilla/5.0 (Macintosh; Intel Mac OS X 10_12_6) AppleWebKit/605.1.15 (KHTML, like Gecko) Version/12.0.1 Safari/605.1.15"
172.18.0.1 - - [12/Nov/2018:15:32:48 +0000] "GET /root/my-awesome-web-app/pipelines/1/stage_ajax?stage=build HTTP/1.1" 200 481 "http://localhost/root/my-awesome-web-app/commit/3d2b2d6d1f5d4b24834d8d732dc9cb34f2781162/pipelines" "Mozilla/5.0 (Macintosh; Intel Mac OS X 10_12_6) AppleWebKit/605.1.15 (KHTML, like Gecko) Version/12.0.1 Safari/605.1.15"
172.18.0.4 - - [12/Nov/2018:15:32:49 +0000] "POST /api/v4/jobs/request HTTP/1.1" 204 0 "" "gitlab-runner 11.4.2 (11-4-stable; go1.8.7; linux/amd64)"
172.18.0.1 - - [12/Nov/2018:15:32:49 +0000] "GET /root/my-awesome-web-app/commit/3d2b2d6d1f5d4b24834d8d732dc9cb34f2781162/pipelines.json HTTP/1.1" 200 1033 "http://localhost/root/my-awesome-web-app/commit/3d2b2d6d1f5d4b24834d8d732dc9cb34f2781162/pipelines" "Mozilla/5.0 (Macintosh; Intel Mac OS X 10_12_6) AppleWebKit/605.1.15 (KHTML, like Gecko) Version/12.0.1 Safari/605.1.15"
172.18.0.3 - - [12/Nov/2018:15:32:50 +0000] "POST /api/v4/jobs/request HTTP/1.1" 204 0 "" "gitlab-runner 11.4.2 (11-4-stable; go1.8.7; linux/amd64)"
172.18.0.1 - - [12/Nov/2018:15:32:51 +0000] "GET /root/my-awesome-web-app/-/jobs/1 HTTP/1.1" 200 9451 "http://localhost/root/my-awesome-web-app/commit/3d2b2d6d1f5d4b24834d8d732dc9cb34f2781162/pipelines" "Mozilla/5.0 (Macintosh; Intel Mac OS X 10_12_6) AppleWebKit/605.1.15 (KHTML, like Gecko) Version/12.0.1 Safari/605.1.15"
172.18.0.1 - - [12/Nov/2018:15:32:52 +0000] "GET /root/my-awesome-web-app/-/jobs/1/trace.json?state= HTTP/1.1" 200 871 "http://localhost/root/my-awesome-web-app/-/jobs/1" "Mozilla/5.0 (Macintosh; Intel Mac OS X 10_12_6) AppleWebKit/605.1.15 (KHTML, like Gecko) Version/12.0.1 Safari/605.1.15"
172.18.0.4 - - [12/Nov/2018:15:32:52 +0000] "POST /api/v4/jobs/request HTTP/1.1" 204 0 "" "gitlab-runner 11.4.2 (11-4-stable; go1.8.7; linux/amd64)"
172.18.0.1 - - [12/Nov/2018:15:32:53 +0000] "GET /root/my-awesome-web-app/-/jobs/1/status.json HTTP/1.1" 200 639 "http://localhost/root/my-awesome-web-app/-/jobs/1" "Mozilla/5.0 (Macintosh; Intel Mac OS X 10_12_6) AppleWebKit/605.1.15 (KHTML, like Gecko) Version/12.0.1 Safari/605.1.15"
172.18.0.3 - - [12/Nov/2018:15:32:53 +0000] "POST /api/v4/jobs/request HTTP/1.1" 204 0 "" "gitlab-runner 11.4.2 (11-4-stable; go1.8.7; linux/amd64)"
172.18.0.1 - - [12/Nov/2018:15:32:54 +0000] "GET /root/my-awesome-web-app/-/jobs/1.json HTTP/1.1" 200 1362 "http://localhost/root/my-awesome-web-app/-/jobs/1" "Mozilla/5.0 (Macintosh; Intel Mac OS X 10_12_6) AppleWebKit/605.1.15 (KHTML, like Gecko) Version/12.0.1 Safari/605.1.15"
172.18.0.4 - - [12/Nov/2018:15:32:55 +0000] "POST /api/v4/jobs/request HTTP/1.1" 204 0 "" "gitlab-runner 11.4.2 (11-4-stable; go1.8.7; linux/amd64)"
172.18.0.1 - - [12/Nov/2018:15:32:56 +0000] "GET /root/my-awesome-web-app/pipelines/1.json HTTP/1.1" 200 1526 "http://localhost/root/my-awesome-web-app/-/jobs/1" "Mozilla/5.0 (Macintosh; Intel Mac OS X 10_12_6) AppleWebKit/605.1.15 (KHTML, like Gecko) Version/12.0.1 Safari/605.1.15"
172.18.0.3 - - [12/Nov/2018:15:32:56 +0000] "POST /api/v4/jobs/request HTTP/1.1" 204 0 "" "gitlab-runner 11.4.2 (11-4-stable; go1.8.7; linux/amd64)"
172.18.0.1 - - [12/Nov/2018:15:32:57 +0000] "GET /root/my-awesome-web-app/pipelines/1/stage.json?stage=build&retried=1 HTTP/1.1" 200 675 "http://localhost/root/my-awesome-web-app/-/jobs/1" "Mozilla/5.0 (Macintosh; Intel Mac OS X 10_12_6) AppleWebKit/605.1.15 (KHTML, like Gecko) Version/12.0.1 Safari/605.1.15"
172.18.0.4 - - [12/Nov/2018:15:32:58 +0000] "POST /api/v4/jobs/request HTTP/1.1" 204 0 "" "gitlab-runner 11.4.2 (11-4-stable; go1.8.7; linux/amd64)"
172.18.0.3 - - [12/Nov/2018:15:32:59 +0000] "POST /api/v4/jobs/request HTTP/1.1" 204 0 "" "gitlab-runner 11.4.2 (11-4-stable; go1.8.7; linux/amd64)"
172.18.0.4 - - [12/Nov/2018:15:33:01 +0000] "POST /api/v4/jobs/request HTTP/1.1" 204 0 "" "gitlab-runner 11.4.2 (11-4-stable; go1.8.7; linux/amd64)"
172.18.0.3 - - [12/Nov/2018:15:33:02 +0000] "POST /api/v4/jobs/request HTTP/1.1" 204 0 "" "gitlab-runner 11.4.2 (11-4-stable; go1.8.7; linux/amd64)"
172.18.0.4 - - [12/Nov/2018:15:33:04 +0000] "POST /api/v4/jobs/request HTTP/1.1" 204 0 "" "gitlab-runner 11.4.2 (11-4-stable; go1.8.7; linux/amd64)"
172.18.0.3 - - [12/Nov/2018:15:33:05 +0000] "POST /api/v4/jobs/request HTTP/1.1" 204 0 "" "gitlab-runner 11.4.2 (11-4-stable; go1.8.7; linux/amd64)"
172.18.0.1 - - [12/Nov/2018:15:33:06 +0000] "GET /root/my-awesome-web-app/-/jobs/1.json HTTP/1.1" 200 1362 "http://localhost/root/my-awesome-web-app/-/jobs/1" "Mozilla/5.0 (Macintosh; Intel Mac OS X 10_12_6) AppleWebKit/605.1.15 (KHTML, like Gecko) Version/12.0.1 Safari/605.1.15"
172.18.0.4 - - [12/Nov/2018:15:33:07 +0000] "POST /api/v4/jobs/request HTTP/1.1" 204 0 "" "gitlab-runner 11.4.2 (11-4-stable; go1.8.7; linux/amd64)"
172.18.0.3 - - [12/Nov/2018:15:33:08 +0000] "POST /api/v4/jobs/request HTTP/1.1" 204 0 "" "gitlab-runner 11.4.2 (11-4-stable; go1.8.7; linux/amd64)"
172.18.0.4 - - [12/Nov/2018:15:33:10 +0000] "POST /api/v4/jobs/request HTTP/1.1" 204 0 "" "gitlab-runner 11.4.2 (11-4-stable; go1.8.7; linux/amd64)"
172.18.0.3 - - [12/Nov/2018:15:33:11 +0000] "POST /api/v4/jobs/request HTTP/1.1" 204 0 "" "gitlab-runner 11.4.2 (11-4-stable; go1.8.7; linux/amd64)"
127.0.0.1 - - [12/Nov/2018:15:33:12 +0000] "GET /help HTTP/1.1" 200 37694 "" "curl/7.59.0"
172.18.0.4 - - [12/Nov/2018:15:33:13 +0000] "POST /api/v4/jobs/request HTTP/1.1" 204 0 "" "gitlab-runner 11.4.2 (11-4-stable; go1.8.7; linux/amd64)"
172.18.0.3 - - [12/Nov/2018:15:33:14 +0000] "POST /api/v4/jobs/request HTTP/1.1" 204 0 "" "gitlab-runner 11.4.2 (11-4-stable; go1.8.7; linux/amd64)"
172.18.0.4 - - [12/Nov/2018:15:33:16 +0000] "POST /api/v4/jobs/request HTTP/1.1" 204 0 "" "gitlab-runner 11.4.2 (11-4-stable; go1.8.7; linux/amd64)"
172.18.0.3 - - [12/Nov/2018:15:33:17 +0000] "POST /api/v4/jobs/request HTTP/1.1" 204 0 "" "gitlab-runner 11.4.2 (11-4-stable; go1.8.7; linux/amd64)"
172.18.0.1 - - [12/Nov/2018:15:33:17 +0000] "GET /root/my-awesome-web-app/-/jobs/1.json HTTP/1.1" 200 1362 "http://localhost/root/my-awesome-web-app/-/jobs/1" "Mozilla/5.0 (Macintosh; Intel Mac OS X 10_12_6) AppleWebKit/605.1.15 (KHTML, like Gecko) Version/12.0.1 Safari/605.1.15"
172.18.0.4 - - [12/Nov/2018:15:33:19 +0000] "POST /api/v4/jobs/request HTTP/1.1" 204 0 "" "gitlab-runner 11.4.2 (11-4-stable; go1.8.7; linux/amd64)"
172.18.0.3 - - [12/Nov/2018:15:33:20 +0000] "POST /api/v4/jobs/request HTTP/1.1" 204 0 "" "gitlab-runner 11.4.2 (11-4-stable; go1.8.7; linux/amd64)"
172.18.0.4 - - [12/Nov/2018:15:33:22 +0000] "POST /api/v4/jobs/request HTTP/1.1" 204 0 "" "gitlab-runner 11.4.2 (11-4-stable; go1.8.7; linux/amd64)"
172.18.0.1 - - [12/Nov/2018:15:33:22 +0000] "GET /root/my-awesome-web-app/-/jobs/2 HTTP/1.1" 200 9456 "http://localhost/root/my-awesome-web-app/-/jobs/1" "Mozilla/5.0 (Macintosh; Intel Mac OS X 10_12_6) AppleWebKit/605.1.15 (KHTML, like Gecko) Version/12.0.1 Safari/605.1.15"
172.18.0.1 - - [12/Nov/2018:15:33:23 +0000] "GET /root/my-awesome-web-app/-/jobs/2/trace.json?state= HTTP/1.1" 200 869 "http://localhost/root/my-awesome-web-app/-/jobs/2" "Mozilla/5.0 (Macintosh; Intel Mac OS X 10_12_6) AppleWebKit/605.1.15 (KHTML, like Gecko) Version/12.0.1 Safari/605.1.15"
172.18.0.3 - - [12/Nov/2018:15:33:23 +0000] "POST /api/v4/jobs/request HTTP/1.1" 204 0 "" "gitlab-runner 11.4.2 (11-4-stable; go1.8.7; linux/amd64)"
172.18.0.1 - - [12/Nov/2018:15:33:23 +0000] "GET /root/my-awesome-web-app/-/jobs/2/status.json HTTP/1.1" 200 639 "http://localhost/root/my-awesome-web-app/-/jobs/2" "Mozilla/5.0 (Macintosh; Intel Mac OS X 10_12_6) AppleWebKit/605.1.15 (KHTML, like Gecko) Version/12.0.1 Safari/605.1.15"
172.18.0.1 - - [12/Nov/2018:15:33:24 +0000] "GET /root/my-awesome-web-app/-/jobs/2.json HTTP/1.1" 200 1364 "http://localhost/root/my-awesome-web-app/-/jobs/2" "Mozilla/5.0 (Macintosh; Intel Mac OS X 10_12_6) AppleWebKit/605.1.15 (KHTML, like Gecko) Version/12.0.1 Safari/605.1.15"
172.18.0.4 - - [12/Nov/2018:15:33:25 +0000] "POST /api/v4/jobs/request HTTP/1.1" 204 0 "" "gitlab-runner 11.4.2 (11-4-stable; go1.8.7; linux/amd64)"
172.18.0.3 - - [12/Nov/2018:15:33:26 +0000] "POST /api/v4/jobs/request HTTP/1.1" 204 0 "" "gitlab-runner 11.4.2 (11-4-stable; go1.8.7; linux/amd64)"
172.18.0.1 - - [12/Nov/2018:15:33:26 +0000] "GET /root/my-awesome-web-app/pipelines/1.json HTTP/1.1" 200 1526 "http://localhost/root/my-awesome-web-app/-/jobs/2" "Mozilla/5.0 (Macintosh; Intel Mac OS X 10_12_6) AppleWebKit/605.1.15 (KHTML, like Gecko) Version/12.0.1 Safari/605.1.15"
172.18.0.1 - - [12/Nov/2018:15:33:27 +0000] "GET /root/my-awesome-web-app/pipelines/1/stage.json?stage=build&retried=1 HTTP/1.1" 200 675 "http://localhost/root/my-awesome-web-app/-/jobs/2" "Mozilla/5.0 (Macintosh; Intel Mac OS X 10_12_6) AppleWebKit/605.1.15 (KHTML, like Gecko) Version/12.0.1 Safari/605.1.15"
172.18.0.4 - - [12/Nov/2018:15:33:28 +0000] "POST /api/v4/jobs/request HTTP/1.1" 204 0 "" "gitlab-runner 11.4.2 (11-4-stable; go1.8.7; linux/amd64)"
172.18.0.3 - - [12/Nov/2018:15:33:29 +0000] "POST /api/v4/jobs/request HTTP/1.1" 204 0 "" "gitlab-runner 11.4.2 (11-4-stable; go1.8.7; linux/amd64)"
172.18.0.1 - - [12/Nov/2018:15:33:30 +0000] "GET /root/my-awesome-web-app/commits/master/signatures HTTP/1.1" 200 17 "http://localhost/root/my-awesome-web-app" "Mozilla/5.0 (Macintosh; Intel Mac OS X 10_12_6) AppleWebKit/605.1.15 (KHTML, like Gecko) Version/12.0.1 Safari/605.1.15"
172.18.0.1 - - [12/Nov/2018:15:33:31 +0000] "GET /root/my-awesome-web-app/blob/master/README.md?format=json&viewer=rich HTTP/1.1" 200 2660 "http://localhost/root/my-awesome-web-app" "Mozilla/5.0 (Macintosh; Intel Mac OS X 10_12_6) AppleWebKit/605.1.15 (KHTML, like Gecko) Version/12.0.1 Safari/605.1.15"
172.18.0.4 - - [12/Nov/2018:15:33:31 +0000] "POST /api/v4/jobs/request HTTP/1.1" 204 0 "" "gitlab-runner 11.4.2 (11-4-stable; go1.8.7; linux/amd64)"
172.18.0.3 - - [12/Nov/2018:15:33:32 +0000] "POST /api/v4/jobs/request HTTP/1.1" 204 0 "" "gitlab-runner 11.4.2 (11-4-stable; go1.8.7; linux/amd64)"
172.18.0.1 - - [12/Nov/2018:15:33:32 +0000] "GET /root/my-awesome-web-app/refs/master/logs_tree/?format=js HTTP/1.1" 200 564 "http://localhost/root/my-awesome-web-app" "Mozilla/5.0 (Macintosh; Intel Mac OS X 10_12_6) AppleWebKit/605.1.15 (KHTML, like Gecko) Version/12.0.1 Safari/605.1.15"
172.18.0.1 - - [12/Nov/2018:15:33:32 +0000] "GET /root/my-awesome-web-app HTTP/1.1" 200 15705 "http://localhost/root/my-awesome-web-app/-/jobs/2" "Mozilla/5.0 (Macintosh; Intel Mac OS X 10_12_6) AppleWebKit/605.1.15 (KHTML, like Gecko) Version/12.0.1 Safari/605.1.15"
172.18.0.4 - - [12/Nov/2018:15:33:34 +0000] "POST /api/v4/jobs/request HTTP/1.1" 204 0 "" "gitlab-runner 11.4.2 (11-4-stable; go1.8.7; linux/amd64)"
172.18.0.1 - - [12/Nov/2018:15:33:34 +0000] "GET /root/my-awesome-web-app/commits/master/signatures HTTP/1.1" 200 17 "http://localhost/root/my-awesome-web-app" "Mozilla/5.0 (Macintosh; Intel Mac OS X 10_12_6) AppleWebKit/605.1.15 (KHTML, like Gecko) Version/12.0.1 Safari/605.1.15"
172.18.0.1 - - [12/Nov/2018:15:33:34 +0000] "GET /root/my-awesome-web-app/blob/master/README.md?format=json&viewer=rich HTTP/1.1" 200 2660 "http://localhost/root/my-awesome-web-app" "Mozilla/5.0 (Macintosh; Intel Mac OS X 10_12_6) AppleWebKit/605.1.15 (KHTML, like Gecko) Version/12.0.1 Safari/605.1.15"
172.18.0.1 - - [12/Nov/2018:15:33:35 +0000] "GET /root/my-awesome-web-app/refs/master/logs_tree/?format=js HTTP/1.1" 499 0 "http://localhost/root/my-awesome-web-app" "Mozilla/5.0 (Macintosh; Intel Mac OS X 10_12_6) AppleWebKit/605.1.15 (KHTML, like Gecko) Version/12.0.1 Safari/605.1.15"
172.18.0.3 - - [12/Nov/2018:15:33:35 +0000] "POST /api/v4/jobs/request HTTP/1.1" 204 0 "" "gitlab-runner 11.4.2 (11-4-stable; go1.8.7; linux/amd64)"
172.18.0.1 - - [12/Nov/2018:15:33:36 +0000] "GET /root/my-awesome-web-app/pipelines/1/stage_ajax?stage=build HTTP/1.1" 200 481 "http://localhost/root/my-awesome-web-app/commit/3d2b2d6d1f5d4b24834d8d732dc9cb34f2781162/pipelines" "Mozilla/5.0 (Macintosh; Intel Mac OS X 10_12_6) AppleWebKit/605.1.15 (KHTML, like Gecko) Version/12.0.1 Safari/605.1.15"
172.18.0.4 - - [12/Nov/2018:15:33:37 +0000] "POST /api/v4/jobs/request HTTP/1.1" 204 0 "" "gitlab-runner 11.4.2 (11-4-stable; go1.8.7; linux/amd64)"
172.18.0.1 - - [12/Nov/2018:15:33:37 +0000] "GET /root/my-awesome-web-app/commit/3d2b2d6d1f5d4b24834d8d732dc9cb34f2781162/branches HTTP/1.1" 200 253 "http://localhost/root/my-awesome-web-app/commit/3d2b2d6d1f5d4b24834d8d732dc9cb34f2781162/pipelines" "Mozilla/5.0 (Macintosh; Intel Mac OS X 10_12_6) AppleWebKit/605.1.15 (KHTML, like Gecko) Version/12.0.1 Safari/605.1.15"
172.18.0.3 - - [12/Nov/2018:15:33:38 +0000] "POST /api/v4/jobs/request HTTP/1.1" 204 0 "" "gitlab-runner 11.4.2 (11-4-stable; go1.8.7; linux/amd64)"
172.18.0.4 - - [12/Nov/2018:15:33:40 +0000] "POST /api/v4/jobs/request HTTP/1.1" 204 0 "" "gitlab-runner 11.4.2 (11-4-stable; go1.8.7; linux/amd64)"
172.18.0.1 - - [12/Nov/2018:15:33:40 +0000] "GET /root/my-awesome-web-app/commit/3d2b2d6d1f5d4b24834d8d732dc9cb34f2781162/pipelines.json HTTP/1.1" 200 1033 "http://localhost/root/my-awesome-web-app/commit/3d2b2d6d1f5d4b24834d8d732dc9cb34f2781162/pipelines" "Mozilla/5.0 (Macintosh; Intel Mac OS X 10_12_6) AppleWebKit/605.1.15 (KHTML, like Gecko) Version/12.0.1 Safari/605.1.15"
172.18.0.1 - - [12/Nov/2018:15:33:40 +0000] "GET /root/my-awesome-web-app/commit/3d2b2d6d1f5d4b24834d8d732dc9cb34f2781162/pipelines?ref=master HTTP/1.1" 200 10274 "http://localhost/root/my-awesome-web-app" "Mozilla/5.0 (Macintosh; Intel Mac OS X 10_12_6) AppleWebKit/605.1.15 (KHTML, like Gecko) Version/12.0.1 Safari/605.1.15"
172.18.0.3 - - [12/Nov/2018:15:33:41 +0000] "POST /api/v4/jobs/request HTTP/1.1" 204 0 "" "gitlab-runner 11.4.2 (11-4-stable; go1.8.7; linux/amd64)"
172.18.0.1 - - [12/Nov/2018:15:33:42 +0000] "GET /root/my-awesome-web-app/commit/3d2b2d6d1f5d4b24834d8d732dc9cb34f2781162/branches HTTP/1.1" 200 253 "http://localhost/root/my-awesome-web-app/commit/3d2b2d6d1f5d4b24834d8d732dc9cb34f2781162/pipelines" "Mozilla/5.0 (Macintosh; Intel Mac OS X 10_12_6) AppleWebKit/605.1.15 (KHTML, like Gecko) Version/12.0.1 Safari/605.1.15"
172.18.0.1 - - [12/Nov/2018:15:33:43 +0000] "GET /root/my-awesome-web-app/commit/3d2b2d6d1f5d4b24834d8d732dc9cb34f2781162/pipelines.json HTTP/1.1" 200 1033 "http://localhost/root/my-awesome-web-app/commit/3d2b2d6d1f5d4b24834d8d732dc9cb34f2781162/pipelines" "Mozilla/5.0 (Macintosh; Intel Mac OS X 10_12_6) AppleWebKit/605.1.15 (KHTML, like Gecko) Version/12.0.1 Safari/605.1.15"
172.18.0.4 - - [12/Nov/2018:15:33:43 +0000] "POST /api/v4/jobs/request HTTP/1.1" 204 0 "" "gitlab-runner 11.4.2 (11-4-stable; go1.8.7; linux/amd64)"
172.18.0.3 - - [12/Nov/2018:15:33:44 +0000] "POST /api/v4/jobs/request HTTP/1.1" 204 0 "" "gitlab-runner 11.4.2 (11-4-stable; go1.8.7; linux/amd64)"
172.18.0.4 - - [12/Nov/2018:15:33:46 +0000] "POST /api/v4/jobs/request HTTP/1.1" 204 0 "" "gitlab-runner 11.4.2 (11-4-stable; go1.8.7; linux/amd64)"
172.18.0.3 - - [12/Nov/2018:15:33:47 +0000] "POST /api/v4/jobs/request HTTP/1.1" 204 0 "" "gitlab-runner 11.4.2 (11-4-stable; go1.8.7; linux/amd64)"
172.18.0.1 - - [12/Nov/2018:15:33:48 +0000] "GET /root/my-awesome-web-app/pipelines/1/stage_ajax?stage=build HTTP/1.1" 200 481 "http://localhost/root/my-awesome-web-app/commit/3d2b2d6d1f5d4b24834d8d732dc9cb34f2781162/pipelines" "Mozilla/5.0 (Macintosh; Intel Mac OS X 10_12_6) AppleWebKit/605.1.15 (KHTML, like Gecko) Version/12.0.1 Safari/605.1.15"
172.18.0.4 - - [12/Nov/2018:15:33:49 +0000] "POST /api/v4/jobs/request HTTP/1.1" 204 0 "" "gitlab-runner 11.4.2 (11-4-stable; go1.8.7; linux/amd64)"
172.18.0.1 - - [12/Nov/2018:15:33:49 +0000] "GET /root/my-awesome-web-app/-/jobs/1/trace.json?state= HTTP/1.1" 200 871 "http://localhost/root/my-awesome-web-app/-/jobs/1" "Mozilla/5.0 (Macintosh; Intel Mac OS X 10_12_6) AppleWebKit/605.1.15 (KHTML, like Gecko) Version/12.0.1 Safari/605.1.15"
172.18.0.1 - - [12/Nov/2018:15:33:49 +0000] "GET /root/my-awesome-web-app/-/jobs/1/status.json HTTP/1.1" 200 639 "http://localhost/root/my-awesome-web-app/-/jobs/1" "Mozilla/5.0 (Macintosh; Intel Mac OS X 10_12_6) AppleWebKit/605.1.15 (KHTML, like Gecko) Version/12.0.1 Safari/605.1.15"
172.18.0.1 - - [12/Nov/2018:15:33:50 +0000] "GET /root/my-awesome-web-app/-/jobs/1 HTTP/1.1" 200 9451 "http://localhost/root/my-awesome-web-app/commit/3d2b2d6d1f5d4b24834d8d732dc9cb34f2781162/pipelines" "Mozilla/5.0 (Macintosh; Intel Mac OS X 10_12_6) AppleWebKit/605.1.15 (KHTML, like Gecko) Version/12.0.1 Safari/605.1.15"
172.18.0.3 - - [12/Nov/2018:15:33:50 +0000] "POST /api/v4/jobs/request HTTP/1.1" 204 0 "" "gitlab-runner 11.4.2 (11-4-stable; go1.8.7; linux/amd64)"
172.18.0.1 - - [12/Nov/2018:15:33:50 +0000] "GET /root/my-awesome-web-app/-/jobs/1/trace.json?state= HTTP/1.1" 200 871 "http://localhost/root/my-awesome-web-app/-/jobs/1" "Mozilla/5.0 (Macintosh; Intel Mac OS X 10_12_6) AppleWebKit/605.1.15 (KHTML, like Gecko) Version/12.0.1 Safari/605.1.15"
172.18.0.1 - - [12/Nov/2018:15:33:51 +0000] "GET /root/my-awesome-web-app/-/jobs/1/status.json HTTP/1.1" 200 639 "http://localhost/root/my-awesome-web-app/-/jobs/1" "Mozilla/5.0 (Macintosh; Intel Mac OS X 10_12_6) AppleWebKit/605.1.15 (KHTML, like Gecko) Version/12.0.1 Safari/605.1.15"
172.18.0.1 - - [12/Nov/2018:15:33:51 +0000] "GET /root/my-awesome-web-app/-/jobs/1.json HTTP/1.1" 200 1362 "http://localhost/root/my-awesome-web-app/-/jobs/1" "Mozilla/5.0 (Macintosh; Intel Mac OS X 10_12_6) AppleWebKit/605.1.15 (KHTML, like Gecko) Version/12.0.1 Safari/605.1.15"
172.18.0.4 - - [12/Nov/2018:15:33:52 +0000] "POST /api/v4/jobs/request HTTP/1.1" 204 0 "" "gitlab-runner 11.4.2 (11-4-stable; go1.8.7; linux/amd64)"
172.18.0.1 - - [12/Nov/2018:15:33:53 +0000] "GET /root/my-awesome-web-app/-/jobs/1.json HTTP/1.1" 200 1362 "http://localhost/root/my-awesome-web-app/-/jobs/1" "Mozilla/5.0 (Macintosh; Intel Mac OS X 10_12_6) AppleWebKit/605.1.15 (KHTML, like Gecko) Version/12.0.1 Safari/605.1.15"
172.18.0.3 - - [12/Nov/2018:15:33:53 +0000] "POST /api/v4/jobs/request HTTP/1.1" 204 0 "" "gitlab-runner 11.4.2 (11-4-stable; go1.8.7; linux/amd64)"
172.18.0.1 - - [12/Nov/2018:15:33:55 +0000] "GET /root/my-awesome-web-app/pipelines/1.json HTTP/1.1" 200 1526 "http://localhost/root/my-awesome-web-app/-/jobs/1" "Mozilla/5.0 (Macintosh; Intel Mac OS X 10_12_6) AppleWebKit/605.1.15 (KHTML, like Gecko) Version/12.0.1 Safari/605.1.15"
172.18.0.4 - - [12/Nov/2018:15:33:55 +0000] "POST /api/v4/jobs/request HTTP/1.1" 204 0 "" "gitlab-runner 11.4.2 (11-4-stable; go1.8.7; linux/amd64)"
172.18.0.1 - - [12/Nov/2018:15:33:55 +0000] "GET /root/my-awesome-web-app/pipelines/1/stage.json?stage=build&retried=1 HTTP/1.1" 200 675 "http://localhost/root/my-awesome-web-app/-/jobs/1" "Mozilla/5.0 (Macintosh; Intel Mac OS X 10_12_6) AppleWebKit/605.1.15 (KHTML, like Gecko) Version/12.0.1 Safari/605.1.15"
172.18.0.3 - - [12/Nov/2018:15:33:56 +0000] "POST /api/v4/jobs/request HTTP/1.1" 204 0 "" "gitlab-runner 11.4.2 (11-4-stable; go1.8.7; linux/amd64)"
172.18.0.4 - - [12/Nov/2018:15:33:58 +0000] "POST /api/v4/jobs/request HTTP/1.1" 204 0 "" "gitlab-runner 11.4.2 (11-4-stable; go1.8.7; linux/amd64)"
172.18.0.3 - - [12/Nov/2018:15:33:59 +0000] "POST /api/v4/jobs/request HTTP/1.1" 204 0 "" "gitlab-runner 11.4.2 (11-4-stable; go1.8.7; linux/amd64)"
172.18.0.1 - - [12/Nov/2018:15:33:59 +0000] "GET /root/my-awesome-web-app/-/jobs/1.json HTTP/1.1" 499 0 "http://localhost/root/my-awesome-web-app/-/jobs/1" "Mozilla/5.0 (Macintosh; Intel Mac OS X 10_12_6) AppleWebKit/605.1.15 (KHTML, like Gecko) Version/12.0.1 Safari/605.1.15"
172.18.0.4 - - [12/Nov/2018:15:34:01 +0000] "POST /api/v4/jobs/request HTTP/1.1" 204 0 "" "gitlab-runner 11.4.2 (11-4-stable; go1.8.7; linux/amd64)"
172.18.0.1 - - [12/Nov/2018:15:34:02 +0000] "GET /root/my-awesome-web-app/blob/master/README.md?format=json&viewer=rich HTTP/1.1" 200 2660 "http://localhost/root/my-awesome-web-app" "Mozilla/5.0 (Macintosh; Intel Mac OS X 10_12_6) AppleWebKit/605.1.15 (KHTML, like Gecko) Version/12.0.1 Safari/605.1.15"
172.18.0.1 - - [12/Nov/2018:15:34:02 +0000] "GET /root/my-awesome-web-app/commits/master/signatures HTTP/1.1" 200 17 "http://localhost/root/my-awesome-web-app" "Mozilla/5.0 (Macintosh; Intel Mac OS X 10_12_6) AppleWebKit/605.1.15 (KHTML, like Gecko) Version/12.0.1 Safari/605.1.15"
172.18.0.3 - - [12/Nov/2018:15:34:02 +0000] "POST /api/v4/jobs/request HTTP/1.1" 204 0 "" "gitlab-runner 11.4.2 (11-4-stable; go1.8.7; linux/amd64)"
172.18.0.1 - - [12/Nov/2018:15:34:04 +0000] "GET /root/my-awesome-web-app/refs/master/logs_tree/?format=js HTTP/1.1" 200 564 "http://localhost/root/my-awesome-web-app" "Mozilla/5.0 (Macintosh; Intel Mac OS X 10_12_6) AppleWebKit/605.1.15 (KHTML, like Gecko) Version/12.0.1 Safari/605.1.15"
172.18.0.4 - - [12/Nov/2018:15:34:04 +0000] "POST /api/v4/jobs/request HTTP/1.1" 204 0 "" "gitlab-runner 11.4.2 (11-4-stable; go1.8.7; linux/amd64)"
172.18.0.1 - - [12/Nov/2018:15:34:05 +0000] "GET /root/my-awesome-web-app HTTP/1.1" 200 15709 "http://localhost/root/my-awesome-web-app/-/jobs/1" "Mozilla/5.0 (Macintosh; Intel Mac OS X 10_12_6) AppleWebKit/605.1.15 (KHTML, like Gecko) Version/12.0.1 Safari/605.1.15"
172.18.0.3 - - [12/Nov/2018:15:34:05 +0000] "POST /api/v4/jobs/request HTTP/1.1" 204 0 "" "gitlab-runner 11.4.2 (11-4-stable; go1.8.7; linux/amd64)"
172.18.0.4 - - [12/Nov/2018:15:34:07 +0000] "POST /api/v4/jobs/request HTTP/1.1" 204 0 "" "gitlab-runner 11.4.2 (11-4-stable; go1.8.7; linux/amd64)"
172.18.0.1 - - [12/Nov/2018:15:34:07 +0000] "GET /root/my-awesome-web-app/commits/master/signatures HTTP/1.1" 200 17 "http://localhost/root/my-awesome-web-app" "Mozilla/5.0 (Macintosh; Intel Mac OS X 10_12_6) AppleWebKit/605.1.15 (KHTML, like Gecko) Version/12.0.1 Safari/605.1.15"
172.18.0.1 - - [12/Nov/2018:15:34:07 +0000] "GET /root/my-awesome-web-app/blob/master/README.md?format=json&viewer=rich HTTP/1.1" 200 2660 "http://localhost/root/my-awesome-web-app" "Mozilla/5.0 (Macintosh; Intel Mac OS X 10_12_6) AppleWebKit/605.1.15 (KHTML, like Gecko) Version/12.0.1 Safari/605.1.15"
172.18.0.3 - - [12/Nov/2018:15:34:08 +0000] "POST /api/v4/jobs/request HTTP/1.1" 204 0 "" "gitlab-runner 11.4.2 (11-4-stable; go1.8.7; linux/amd64)"
172.18.0.1 - - [12/Nov/2018:15:34:09 +0000] "GET /root/my-awesome-web-app/refs/master/logs_tree/?format=js HTTP/1.1" 200 564 "http://localhost/root/my-awesome-web-app" "Mozilla/5.0 (Macintosh; Intel Mac OS X 10_12_6) AppleWebKit/605.1.15 (KHTML, like Gecko) Version/12.0.1 Safari/605.1.15"
172.18.0.4 - - [12/Nov/2018:15:34:10 +0000] "POST /api/v4/jobs/request HTTP/1.1" 204 0 "" "gitlab-runner 11.4.2 (11-4-stable; go1.8.7; linux/amd64)"
172.18.0.3 - - [12/Nov/2018:15:34:11 +0000] "POST /api/v4/jobs/request HTTP/1.1" 204 0 "" "gitlab-runner 11.4.2 (11-4-stable; go1.8.7; linux/amd64)"
127.0.0.1 - - [12/Nov/2018:15:34:12 +0000] "GET /help HTTP/1.1" 200 37694 "" "curl/7.59.0"
172.18.0.4 - - [12/Nov/2018:15:34:13 +0000] "POST /api/v4/jobs/request HTTP/1.1" 204 0 "" "gitlab-runner 11.4.2 (11-4-stable; go1.8.7; linux/amd64)"
172.18.0.3 - - [12/Nov/2018:15:34:14 +0000] "POST /api/v4/jobs/request HTTP/1.1" 204 0 "" "gitlab-runner 11.4.2 (11-4-stable; go1.8.7; linux/amd64)"
172.18.0.4 - - [12/Nov/2018:15:34:16 +0000] "POST /api/v4/jobs/request HTTP/1.1" 204 0 "" "gitlab-runner 11.4.2 (11-4-stable; go1.8.7; linux/amd64)"
172.18.0.3 - - [12/Nov/2018:15:34:17 +0000] "POST /api/v4/jobs/request HTTP/1.1" 204 0 "" "gitlab-runner 11.4.2 (11-4-stable; go1.8.7; linux/amd64)"
172.18.0.1 - - [12/Nov/2018:15:34:18 +0000] "GET /admin HTTP/1.1" 200 8071 "http://localhost/root/my-awesome-web-app" "Mozilla/5.0 (Macintosh; Intel Mac OS X 10_12_6) AppleWebKit/605.1.15 (KHTML, like Gecko) Version/12.0.1 Safari/605.1.15"
172.18.0.4 - - [12/Nov/2018:15:34:19 +0000] "POST /api/v4/jobs/request HTTP/1.1" 204 0 "" "gitlab-runner 11.4.2 (11-4-stable; go1.8.7; linux/amd64)"
172.18.0.3 - - [12/Nov/2018:15:34:20 +0000] "POST /api/v4/jobs/request HTTP/1.1" 204 0 "" "gitlab-runner 11.4.2 (11-4-stable; go1.8.7; linux/amd64)"
172.18.0.4 - - [12/Nov/2018:15:34:22 +0000] "POST /api/v4/jobs/request HTTP/1.1" 204 0 "" "gitlab-runner 11.4.2 (11-4-stable; go1.8.7; linux/amd64)"
172.18.0.3 - - [12/Nov/2018:15:34:23 +0000] "POST /api/v4/jobs/request HTTP/1.1" 204 0 "" "gitlab-runner 11.4.2 (11-4-stable; go1.8.7; linux/amd64)"
172.18.0.4 - - [12/Nov/2018:15:34:25 +0000] "POST /api/v4/jobs/request HTTP/1.1" 204 0 "" "gitlab-runner 11.4.2 (11-4-stable; go1.8.7; linux/amd64)"
172.18.0.3 - - [12/Nov/2018:15:34:26 +0000] "POST /api/v4/jobs/request HTTP/1.1" 204 0 "" "gitlab-runner 11.4.2 (11-4-stable; go1.8.7; linux/amd64)"
172.18.0.4 - - [12/Nov/2018:15:34:28 +0000] "POST /api/v4/jobs/request HTTP/1.1" 204 0 "" "gitlab-runner 11.4.2 (11-4-stable; go1.8.7; linux/amd64)"
172.18.0.3 - - [12/Nov/2018:15:34:29 +0000] "POST /api/v4/jobs/request HTTP/1.1" 204 0 "" "gitlab-runner 11.4.2 (11-4-stable; go1.8.7; linux/amd64)"
172.18.0.4 - - [12/Nov/2018:15:34:31 +0000] "POST /api/v4/jobs/request HTTP/1.1" 204 0 "" "gitlab-runner 11.4.2 (11-4-stable; go1.8.7; linux/amd64)"
172.18.0.3 - - [12/Nov/2018:15:34:32 +0000] "POST /api/v4/jobs/request HTTP/1.1" 204 0 "" "gitlab-runner 11.4.2 (11-4-stable; go1.8.7; linux/amd64)"
172.18.0.4 - - [12/Nov/2018:15:34:34 +0000] "POST /api/v4/jobs/request HTTP/1.1" 204 0 "" "gitlab-runner 11.4.2 (11-4-stable; go1.8.7; linux/amd64)"
172.18.0.3 - - [12/Nov/2018:15:34:35 +0000] "POST /api/v4/jobs/request HTTP/1.1" 204 0 "" "gitlab-runner 11.4.2 (11-4-stable; go1.8.7; linux/amd64)"
172.18.0.4 - - [12/Nov/2018:15:34:37 +0000] "POST /api/v4/jobs/request HTTP/1.1" 204 0 "" "gitlab-runner 11.4.2 (11-4-stable; go1.8.7; linux/amd64)"
172.18.0.3 - - [12/Nov/2018:15:34:38 +0000] "POST /api/v4/jobs/request HTTP/1.1" 204 0 "" "gitlab-runner 11.4.2 (11-4-stable; go1.8.7; linux/amd64)"
172.18.0.4 - - [12/Nov/2018:15:34:40 +0000] "POST /api/v4/jobs/request HTTP/1.1" 204 0 "" "gitlab-runner 11.4.2 (11-4-stable; go1.8.7; linux/amd64)"
172.18.0.3 - - [12/Nov/2018:15:34:41 +0000] "POST /api/v4/jobs/request HTTP/1.1" 204 0 "" "gitlab-runner 11.4.2 (11-4-stable; go1.8.7; linux/amd64)"
172.18.0.4 - - [12/Nov/2018:15:34:43 +0000] "POST /api/v4/jobs/request HTTP/1.1" 204 0 "" "gitlab-runner 11.4.2 (11-4-stable; go1.8.7; linux/amd64)"
172.18.0.3 - - [12/Nov/2018:15:34:44 +0000] "POST /api/v4/jobs/request HTTP/1.1" 204 0 "" "gitlab-runner 11.4.2 (11-4-stable; go1.8.7; linux/amd64)"
172.18.0.4 - - [12/Nov/2018:15:34:46 +0000] "POST /api/v4/jobs/request HTTP/1.1" 204 0 "" "gitlab-runner 11.4.2 (11-4-stable; go1.8.7; linux/amd64)"
172.18.0.3 - - [12/Nov/2018:15:34:47 +0000] "POST /api/v4/jobs/request HTTP/1.1" 204 0 "" "gitlab-runner 11.4.2 (11-4-stable; go1.8.7; linux/amd64)"
172.18.0.1 - - [12/Nov/2018:15:34:47 +0000] "GET /admin/runners HTTP/1.1" 200 10087 "http://localhost/admin" "Mozilla/5.0 (Macintosh; Intel Mac OS X 10_12_6) AppleWebKit/605.1.15 (KHTML, like Gecko) Version/12.0.1 Safari/605.1.15"
172.18.0.4 - - [12/Nov/2018:15:34:49 +0000] "POST /api/v4/jobs/request HTTP/1.1" 204 0 "" "gitlab-runner 11.4.2 (11-4-stable; go1.8.7; linux/amd64)"
172.18.0.3 - - [12/Nov/2018:15:34:50 +0000] "POST /api/v4/jobs/request HTTP/1.1" 204 0 "" "gitlab-runner 11.4.2 (11-4-stable; go1.8.7; linux/amd64)"
172.18.0.1 - - [12/Nov/2018:15:34:51 +0000] "POST /admin/runners/1 HTTP/1.1" 302 96 "http://localhost/admin/runners" "Mozilla/5.0 (Macintosh; Intel Mac OS X 10_12_6) AppleWebKit/605.1.15 (KHTML, like Gecko) Version/12.0.1 Safari/605.1.15"
172.18.0.1 - - [12/Nov/2018:15:34:52 +0000] "GET /admin/runners HTTP/1.1" 200 9964 "http://localhost/admin/runners" "Mozilla/5.0 (Macintosh; Intel Mac OS X 10_12_6) AppleWebKit/605.1.15 (KHTML, like Gecko) Version/12.0.1 Safari/605.1.15"
172.18.0.4 - - [12/Nov/2018:15:34:52 +0000] "POST /api/v4/jobs/request HTTP/1.1" 204 0 "" "gitlab-runner 11.4.2 (11-4-stable; go1.8.7; linux/amd64)"
172.18.0.3 - - [12/Nov/2018:15:34:53 +0000] "POST /api/v4/jobs/request HTTP/1.1" 403 27 "" "gitlab-runner 11.4.2 (11-4-stable; go1.8.7; linux/amd64)"
172.18.0.1 - - [12/Nov/2018:15:34:55 +0000] "POST /admin/runners/2 HTTP/1.1" 302 96 "http://localhost/admin/runners" "Mozilla/5.0 (Macintosh; Intel Mac OS X 10_12_6) AppleWebKit/605.1.15 (KHTML, like Gecko) Version/12.0.1 Safari/605.1.15"
172.18.0.4 - - [12/Nov/2018:15:34:55 +0000] "POST /api/v4/jobs/request HTTP/1.1" 403 27 "" "gitlab-runner 11.4.2 (11-4-stable; go1.8.7; linux/amd64)"
172.18.0.1 - - [12/Nov/2018:15:34:55 +0000] "GET /admin/runners HTTP/1.1" 200 9317 "http://localhost/admin/runners" "Mozilla/5.0 (Macintosh; Intel Mac OS X 10_12_6) AppleWebKit/605.1.15 (KHTML, like Gecko) Version/12.0.1 Safari/605.1.15"
172.18.0.3 - - [12/Nov/2018:15:34:56 +0000] "POST /api/v4/jobs/request HTTP/1.1" 403 27 "" "gitlab-runner 11.4.2 (11-4-stable; go1.8.7; linux/amd64)"
172.18.0.4 - - [12/Nov/2018:15:34:58 +0000] "POST /api/v4/jobs/request HTTP/1.1" 403 27 "" "gitlab-runner 11.4.2 (11-4-stable; go1.8.7; linux/amd64)"
172.18.0.3 - - [12/Nov/2018:15:34:59 +0000] "POST /api/v4/jobs/request HTTP/1.1" 403 27 "" "gitlab-runner 11.4.2 (11-4-stable; go1.8.7; linux/amd64)"
172.18.0.4 - - [12/Nov/2018:15:35:00 +0000] "POST /api/v4/runners HTTP/1.1" 201 49 "" "gitlab-runner 11.4.2 (11-4-stable; go1.8.7; linux/amd64)"
172.18.0.4 - - [12/Nov/2018:15:35:01 +0000] "POST /api/v4/jobs/request HTTP/1.1" 403 27 "" "gitlab-runner 11.4.2 (11-4-stable; go1.8.7; linux/amd64)"
172.18.0.4 - - [12/Nov/2018:15:35:02 +0000] "POST /api/v4/jobs/request HTTP/1.1" 204 0 "" "gitlab-runner 11.4.2 (11-4-stable; go1.8.7; linux/amd64)"
172.18.0.4 - - [12/Nov/2018:15:35:04 +0000] "POST /api/v4/jobs/request HTTP/1.1" 403 27 "" "gitlab-runner 11.4.2 (11-4-stable; go1.8.7; linux/amd64)"
172.18.0.4 - - [12/Nov/2018:15:35:05 +0000] "POST /api/v4/jobs/request HTTP/1.1" 204 0 "" "gitlab-runner 11.4.2 (11-4-stable; go1.8.7; linux/amd64)"
172.18.0.4 - - [12/Nov/2018:15:35:07 +0000] "POST /api/v4/jobs/request HTTP/1.1" 403 27 "" "gitlab-runner 11.4.2 (11-4-stable; go1.8.7; linux/amd64)"
172.18.0.4 - - [12/Nov/2018:15:35:08 +0000] "POST /api/v4/jobs/request HTTP/1.1" 204 0 "" "gitlab-runner 11.4.2 (11-4-stable; go1.8.7; linux/amd64)"
172.18.0.3 - - [12/Nov/2018:15:35:09 +0000] "POST /api/v4/runners HTTP/1.1" 201 49 "" "gitlab-runner 11.4.2 (11-4-stable; go1.8.7; linux/amd64)"
172.18.0.3 - - [12/Nov/2018:15:35:11 +0000] "POST /api/v4/jobs/request HTTP/1.1" 403 27 "" "gitlab-runner 11.4.2 (11-4-stable; go1.8.7; linux/amd64)"
172.18.0.4 - - [12/Nov/2018:15:35:11 +0000] "POST /api/v4/jobs/request HTTP/1.1" 204 0 "" "gitlab-runner 11.4.2 (11-4-stable; go1.8.7; linux/amd64)"
172.18.0.3 - - [12/Nov/2018:15:35:13 +0000] "POST /api/v4/jobs/request HTTP/1.1" 204 0 "" "gitlab-runner 11.4.2 (11-4-stable; go1.8.7; linux/amd64)"
127.0.0.1 - - [12/Nov/2018:15:35:13 +0000] "GET /help HTTP/1.1" 200 37694 "" "curl/7.59.0"
172.18.0.3 - - [12/Nov/2018:15:35:14 +0000] "POST /api/v4/jobs/request HTTP/1.1" 403 27 "" "gitlab-runner 11.4.2 (11-4-stable; go1.8.7; linux/amd64)"
172.18.0.1 - - [12/Nov/2018:15:35:14 +0000] "GET /root/my-awesome-web-app/commits/master/signatures HTTP/1.1" 200 17 "http://localhost/root/my-awesome-web-app" "Mozilla/5.0 (Macintosh; Intel Mac OS X 10_12_6) AppleWebKit/605.1.15 (KHTML, like Gecko) Version/12.0.1 Safari/605.1.15"
172.18.0.1 - - [12/Nov/2018:15:35:14 +0000] "GET /root/my-awesome-web-app/blob/master/README.md?format=json&viewer=rich HTTP/1.1" 200 2660 "http://localhost/root/my-awesome-web-app" "Mozilla/5.0 (Macintosh; Intel Mac OS X 10_12_6) AppleWebKit/605.1.15 (KHTML, like Gecko) Version/12.0.1 Safari/605.1.15"
172.18.0.4 - - [12/Nov/2018:15:35:14 +0000] "POST /api/v4/jobs/request HTTP/1.1" 204 0 "" "gitlab-runner 11.4.2 (11-4-stable; go1.8.7; linux/amd64)"
172.18.0.3 - - [12/Nov/2018:15:35:15 +0000] "POST /api/v4/jobs/request HTTP/1.1" 204 0 "" "gitlab-runner 11.4.2 (11-4-stable; go1.8.7; linux/amd64)"
172.18.0.1 - - [12/Nov/2018:15:35:16 +0000] "GET /root/my-awesome-web-app/refs/master/logs_tree/?format=js HTTP/1.1" 200 564 "http://localhost/root/my-awesome-web-app" "Mozilla/5.0 (Macintosh; Intel Mac OS X 10_12_6) AppleWebKit/605.1.15 (KHTML, like Gecko) Version/12.0.1 Safari/605.1.15"
172.18.0.3 - - [12/Nov/2018:15:35:17 +0000] "POST /api/v4/jobs/request HTTP/1.1" 403 27 "" "gitlab-runner 11.4.2 (11-4-stable; go1.8.7; linux/amd64)"
172.18.0.4 - - [12/Nov/2018:15:35:17 +0000] "POST /api/v4/jobs/request HTTP/1.1" 204 0 "" "gitlab-runner 11.4.2 (11-4-stable; go1.8.7; linux/amd64)"
172.18.0.1 - - [12/Nov/2018:15:35:18 +0000] "GET /root/my-awesome-web-app HTTP/1.1" 200 15704 "http://localhost/admin/runners" "Mozilla/5.0 (Macintosh; Intel Mac OS X 10_12_6) AppleWebKit/605.1.15 (KHTML, like Gecko) Version/12.0.1 Safari/605.1.15"
172.18.0.3 - - [12/Nov/2018:15:35:20 +0000] "POST /api/v4/jobs/request HTTP/1.1" 204 0 "" "gitlab-runner 11.4.2 (11-4-stable; go1.8.7; linux/amd64)"
172.18.0.1 - - [12/Nov/2018:15:35:20 +0000] "GET /root/my-awesome-web-app/commits/master/signatures HTTP/1.1" 200 17 "http://localhost/root/my-awesome-web-app" "Mozilla/5.0 (Macintosh; Intel Mac OS X 10_12_6) AppleWebKit/605.1.15 (KHTML, like Gecko) Version/12.0.1 Safari/605.1.15"
172.18.0.1 - - [12/Nov/2018:15:35:20 +0000] "GET /root/my-awesome-web-app/blob/master/README.md?format=json&viewer=rich HTTP/1.1" 200 2660 "http://localhost/root/my-awesome-web-app" "Mozilla/5.0 (Macintosh; Intel Mac OS X 10_12_6) AppleWebKit/605.1.15 (KHTML, like Gecko) Version/12.0.1 Safari/605.1.15"
172.18.0.4 - - [12/Nov/2018:15:35:20 +0000] "POST /api/v4/jobs/request HTTP/1.1" 204 0 "" "gitlab-runner 11.4.2 (11-4-stable; go1.8.7; linux/amd64)"
172.18.0.1 - - [12/Nov/2018:15:35:21 +0000] "GET /root/my-awesome-web-app/refs/master/logs_tree/?format=js HTTP/1.1" 499 0 "http://localhost/root/my-awesome-web-app" "Mozilla/5.0 (Macintosh; Intel Mac OS X 10_12_6) AppleWebKit/605.1.15 (KHTML, like Gecko) Version/12.0.1 Safari/605.1.15"
172.18.0.1 - - [12/Nov/2018:15:35:22 +0000] "GET /root/my-awesome-web-app/pipelines/1/stage_ajax?stage=build HTTP/1.1" 200 481 "http://localhost/root/my-awesome-web-app/commit/3d2b2d6d1f5d4b24834d8d732dc9cb34f2781162/pipelines" "Mozilla/5.0 (Macintosh; Intel Mac OS X 10_12_6) AppleWebKit/605.1.15 (KHTML, like Gecko) Version/12.0.1 Safari/605.1.15"
172.18.0.1 - - [12/Nov/2018:15:35:22 +0000] "GET /root/my-awesome-web-app/commit/3d2b2d6d1f5d4b24834d8d732dc9cb34f2781162/branches HTTP/1.1" 200 253 "http://localhost/root/my-awesome-web-app/commit/3d2b2d6d1f5d4b24834d8d732dc9cb34f2781162/pipelines" "Mozilla/5.0 (Macintosh; Intel Mac OS X 10_12_6) AppleWebKit/605.1.15 (KHTML, like Gecko) Version/12.0.1 Safari/605.1.15"
172.18.0.3 - - [12/Nov/2018:15:35:23 +0000] "POST /api/v4/jobs/request HTTP/1.1" 204 0 "" "gitlab-runner 11.4.2 (11-4-stable; go1.8.7; linux/amd64)"
172.18.0.4 - - [12/Nov/2018:15:35:23 +0000] "POST /api/v4/jobs/request HTTP/1.1" 204 0 "" "gitlab-runner 11.4.2 (11-4-stable; go1.8.7; linux/amd64)"
172.18.0.1 - - [12/Nov/2018:15:35:25 +0000] "GET /root/my-awesome-web-app/commit/3d2b2d6d1f5d4b24834d8d732dc9cb34f2781162/pipelines.json HTTP/1.1" 200 1033 "http://localhost/root/my-awesome-web-app/commit/3d2b2d6d1f5d4b24834d8d732dc9cb34f2781162/pipelines" "Mozilla/5.0 (Macintosh; Intel Mac OS X 10_12_6) AppleWebKit/605.1.15 (KHTML, like Gecko) Version/12.0.1 Safari/605.1.15"
172.18.0.1 - - [12/Nov/2018:15:35:25 +0000] "GET /root/my-awesome-web-app/commit/3d2b2d6d1f5d4b24834d8d732dc9cb34f2781162/pipelines?ref=master HTTP/1.1" 200 10271 "http://localhost/root/my-awesome-web-app" "Mozilla/5.0 (Macintosh; Intel Mac OS X 10_12_6) AppleWebKit/605.1.15 (KHTML, like Gecko) Version/12.0.1 Safari/605.1.15"
172.18.0.3 - - [12/Nov/2018:15:35:26 +0000] "POST /api/v4/jobs/request HTTP/1.1" 204 0 "" "gitlab-runner 11.4.2 (11-4-stable; go1.8.7; linux/amd64)"
172.18.0.1 - - [12/Nov/2018:15:35:26 +0000] "GET /root/my-awesome-web-app/commit/3d2b2d6d1f5d4b24834d8d732dc9cb34f2781162/branches HTTP/1.1" 200 253 "http://localhost/root/my-awesome-web-app/commit/3d2b2d6d1f5d4b24834d8d732dc9cb34f2781162/pipelines" "Mozilla/5.0 (Macintosh; Intel Mac OS X 10_12_6) AppleWebKit/605.1.15 (KHTML, like Gecko) Version/12.0.1 Safari/605.1.15"
172.18.0.4 - - [12/Nov/2018:15:35:26 +0000] "POST /api/v4/jobs/request HTTP/1.1" 204 0 "" "gitlab-runner 11.4.2 (11-4-stable; go1.8.7; linux/amd64)"
172.18.0.1 - - [12/Nov/2018:15:35:28 +0000] "GET /root/my-awesome-web-app/pipelines/1/stage_ajax?stage=build HTTP/1.1" 200 481 "http://localhost/root/my-awesome-web-app/commit/3d2b2d6d1f5d4b24834d8d732dc9cb34f2781162/pipelines" "Mozilla/5.0 (Macintosh; Intel Mac OS X 10_12_6) AppleWebKit/605.1.15 (KHTML, like Gecko) Version/12.0.1 Safari/605.1.15"
172.18.0.1 - - [12/Nov/2018:15:35:28 +0000] "GET /root/my-awesome-web-app/commit/3d2b2d6d1f5d4b24834d8d732dc9cb34f2781162/pipelines.json HTTP/1.1" 200 1033 "http://localhost/root/my-awesome-web-app/commit/3d2b2d6d1f5d4b24834d8d732dc9cb34f2781162/pipelines" "Mozilla/5.0 (Macintosh; Intel Mac OS X 10_12_6) AppleWebKit/605.1.15 (KHTML, like Gecko) Version/12.0.1 Safari/605.1.15"
172.18.0.3 - - [12/Nov/2018:15:35:29 +0000] "POST /api/v4/jobs/request HTTP/1.1" 204 0 "" "gitlab-runner 11.4.2 (11-4-stable; go1.8.7; linux/amd64)"
172.18.0.1 - - [12/Nov/2018:15:35:29 +0000] "GET /root/my-awesome-web-app/-/jobs/1/trace.json?state= HTTP/1.1" 200 871 "http://localhost/root/my-awesome-web-app/-/jobs/1" "Mozilla/5.0 (Macintosh; Intel Mac OS X 10_12_6) AppleWebKit/605.1.15 (KHTML, like Gecko) Version/12.0.1 Safari/605.1.15"
